Archive member included to satisfy reference by file (symbol)

d:/study_stm32/environment/gcc-arm-none-eabi-9-2019-q4-major-win32 (1)/bin/../lib/gcc/arm-none-eabi/9.2.1/thumb/v7e-m/nofp\libgcc.a(_aeabi_uldivmod.o)
                              CMakeFiles/deme7.elf.dir/Drivers/STM32F4xx_HAL_Driver/Src/stm32f4xx_hal_rcc.c.obj (__aeabi_uldivmod)
d:/study_stm32/environment/gcc-arm-none-eabi-9-2019-q4-major-win32 (1)/bin/../lib/gcc/arm-none-eabi/9.2.1/thumb/v7e-m/nofp\libgcc.a(_udivmoddi4.o)
                              d:/study_stm32/environment/gcc-arm-none-eabi-9-2019-q4-major-win32 (1)/bin/../lib/gcc/arm-none-eabi/9.2.1/thumb/v7e-m/nofp\libgcc.a(_aeabi_uldivmod.o) (__udivmoddi4)
d:/study_stm32/environment/gcc-arm-none-eabi-9-2019-q4-major-win32 (1)/bin/../lib/gcc/arm-none-eabi/9.2.1/thumb/v7e-m/nofp\libgcc.a(_dvmd_tls.o)
                              d:/study_stm32/environment/gcc-arm-none-eabi-9-2019-q4-major-win32 (1)/bin/../lib/gcc/arm-none-eabi/9.2.1/thumb/v7e-m/nofp\libgcc.a(_aeabi_uldivmod.o) (__aeabi_ldiv0)
d:/study_stm32/environment/gcc-arm-none-eabi-9-2019-q4-major-win32 (1)/bin/../lib/gcc/arm-none-eabi/9.2.1/../../../../arm-none-eabi/lib/thumb/v7e-m/nofp\libc.a(lib_a-errno.o)
                              CMakeFiles/deme7.elf.dir/Core/Src/syscalls.c.obj (__errno)
d:/study_stm32/environment/gcc-arm-none-eabi-9-2019-q4-major-win32 (1)/bin/../lib/gcc/arm-none-eabi/9.2.1/../../../../arm-none-eabi/lib/thumb/v7e-m/nofp\libc.a(lib_a-exit.o)
                              d:/study_stm32/environment/gcc-arm-none-eabi-9-2019-q4-major-win32 (1)/bin/../lib/gcc/arm-none-eabi/9.2.1/../../../../arm-none-eabi/lib/thumb/v7e-m/nofp/crt0.o (exit)
d:/study_stm32/environment/gcc-arm-none-eabi-9-2019-q4-major-win32 (1)/bin/../lib/gcc/arm-none-eabi/9.2.1/../../../../arm-none-eabi/lib/thumb/v7e-m/nofp\libc.a(lib_a-impure.o)
                              d:/study_stm32/environment/gcc-arm-none-eabi-9-2019-q4-major-win32 (1)/bin/../lib/gcc/arm-none-eabi/9.2.1/../../../../arm-none-eabi/lib/thumb/v7e-m/nofp\libc.a(lib_a-exit.o) (_global_impure_ptr)
d:/study_stm32/environment/gcc-arm-none-eabi-9-2019-q4-major-win32 (1)/bin/../lib/gcc/arm-none-eabi/9.2.1/../../../../arm-none-eabi/lib/thumb/v7e-m/nofp\libc.a(lib_a-init.o)
                              d:/study_stm32/environment/gcc-arm-none-eabi-9-2019-q4-major-win32 (1)/bin/../lib/gcc/arm-none-eabi/9.2.1/../../../../arm-none-eabi/lib/thumb/v7e-m/nofp/crt0.o (__libc_init_array)
d:/study_stm32/environment/gcc-arm-none-eabi-9-2019-q4-major-win32 (1)/bin/../lib/gcc/arm-none-eabi/9.2.1/../../../../arm-none-eabi/lib/thumb/v7e-m/nofp\libc.a(lib_a-memset.o)
                              d:/study_stm32/environment/gcc-arm-none-eabi-9-2019-q4-major-win32 (1)/bin/../lib/gcc/arm-none-eabi/9.2.1/../../../../arm-none-eabi/lib/thumb/v7e-m/nofp/crt0.o (memset)
d:/study_stm32/environment/gcc-arm-none-eabi-9-2019-q4-major-win32 (1)/bin/../lib/gcc/arm-none-eabi/9.2.1/../../../../arm-none-eabi/lib/thumb/v7e-m/nofp\libc.a(lib_a-printf.o)
                              CMakeFiles/deme7.elf.dir/Core/Src/main.c.obj (printf)
d:/study_stm32/environment/gcc-arm-none-eabi-9-2019-q4-major-win32 (1)/bin/../lib/gcc/arm-none-eabi/9.2.1/../../../../arm-none-eabi/lib/thumb/v7e-m/nofp\libc.a(lib_a-vfprintf.o)
                              d:/study_stm32/environment/gcc-arm-none-eabi-9-2019-q4-major-win32 (1)/bin/../lib/gcc/arm-none-eabi/9.2.1/../../../../arm-none-eabi/lib/thumb/v7e-m/nofp\libc.a(lib_a-printf.o) (_vfprintf_r)
d:/study_stm32/environment/gcc-arm-none-eabi-9-2019-q4-major-win32 (1)/bin/../lib/gcc/arm-none-eabi/9.2.1/../../../../arm-none-eabi/lib/thumb/v7e-m/nofp\libc.a(lib_a-wsetup.o)
                              d:/study_stm32/environment/gcc-arm-none-eabi-9-2019-q4-major-win32 (1)/bin/../lib/gcc/arm-none-eabi/9.2.1/../../../../arm-none-eabi/lib/thumb/v7e-m/nofp\libc.a(lib_a-vfprintf.o) (__swsetup_r)
d:/study_stm32/environment/gcc-arm-none-eabi-9-2019-q4-major-win32 (1)/bin/../lib/gcc/arm-none-eabi/9.2.1/../../../../arm-none-eabi/lib/thumb/v7e-m/nofp\libc.a(lib_a-__call_atexit.o)
                              d:/study_stm32/environment/gcc-arm-none-eabi-9-2019-q4-major-win32 (1)/bin/../lib/gcc/arm-none-eabi/9.2.1/../../../../arm-none-eabi/lib/thumb/v7e-m/nofp\libc.a(lib_a-exit.o) (__call_exitprocs)
d:/study_stm32/environment/gcc-arm-none-eabi-9-2019-q4-major-win32 (1)/bin/../lib/gcc/arm-none-eabi/9.2.1/../../../../arm-none-eabi/lib/thumb/v7e-m/nofp\libc.a(lib_a-atexit.o)
                              d:/study_stm32/environment/gcc-arm-none-eabi-9-2019-q4-major-win32 (1)/bin/../lib/gcc/arm-none-eabi/9.2.1/../../../../arm-none-eabi/lib/thumb/v7e-m/nofp\libc.a(lib_a-__call_atexit.o) (atexit)
d:/study_stm32/environment/gcc-arm-none-eabi-9-2019-q4-major-win32 (1)/bin/../lib/gcc/arm-none-eabi/9.2.1/../../../../arm-none-eabi/lib/thumb/v7e-m/nofp\libc.a(lib_a-dtoa.o)
[...]
Memory Configuration

Name             Origin             Length             Attributes
RAM              0x20000000         0x00020000         xrw
CCMRAM           0x10000000         0x00010000         xrw
FLASH            0x08000000         0x00100000         xr
*default*        0x00000000         0xffffffff

Linker script and memory map

LOAD d:/study_stm32/environment/gcc-arm-none-eabi-9-2019-q4-major-win32 (1)/bin/../lib/gcc/arm-none-eabi/9.2.1/thumb/v7e-m/nofp/crti.o
LOAD d:/study_stm32/environment/gcc-arm-none-eabi-9-2019-q4-major-win32 (1)/bin/../lib/gcc/arm-none-eabi/9.2.1/thumb/v7e-m/nofp/crtbegin.o
LOAD d:/study_stm32/environment/gcc-arm-none-eabi-9-2019-q4-major-win32 (1)/bin/../lib/gcc/arm-none-eabi/9.2.1/../../../../arm-none-eabi/lib/thumb/v7e-m/nofp/crt0.o
LOAD CMakeFiles/deme7.elf.dir/Core/Src/gpio.c.obj
LOAD CMakeFiles/deme7.elf.dir/Core/Src/main.c.obj
LOAD CMakeFiles/deme7.elf.dir/Core/Src/stm32f4xx_hal_msp.c.obj
LOAD CMakeFiles/deme7.elf.dir/Core/Src/stm32f4xx_it.c.obj
LOAD CMakeFiles/deme7.elf.dir/Core/Src/syscalls.c.obj
LOAD CMakeFiles/deme7.elf.dir/Core/Src/system_stm32f4xx.c.obj
LOAD CMakeFiles/deme7.elf.dir/Core/Src/tim.c.obj
LOAD CMakeFiles/deme7.elf.dir/Core/Src/usart.c.obj
LOAD CMakeFiles/deme7.elf.dir/Drivers/STM32F4xx_HAL_Driver/Src/stm32f4xx_hal.c.obj
LOAD CMakeFiles/deme7.elf.dir/Drivers/STM32F4xx_HAL_Driver/Src/stm32f4xx_hal_cortex.c.obj
LOAD CMakeFiles/deme7.elf.dir/Drivers/STM32F4xx_HAL_Driver/Src/stm32f4xx_hal_dma.c.obj
LOAD CMakeFiles/deme7.elf.dir/Drivers/STM32F4xx_HAL_Driver/Src/stm32f4xx_hal_dma_ex.c.obj
LOAD CMakeFiles/deme7.elf.dir/Drivers/STM32F4xx_HAL_Driver/Src/stm32f4xx_hal_exti.c.obj
LOAD CMakeFiles/deme7.elf.dir/Drivers/STM32F4xx_HAL_Driver/Src/stm32f4xx_hal_flash.c.obj
LOAD CMakeFiles/deme7.elf.dir/Drivers/STM32F4xx_HAL_Driver/Src/stm32f4xx_hal_flash_ex.c.obj
LOAD CMakeFiles/deme7.elf.dir/Drivers/STM32F4xx_HAL_Driver/Src/stm32f4xx_hal_flash_ramfunc.c.obj
LOAD CMakeFiles/deme7.elf.dir/Drivers/STM32F4xx_HAL_Driver/Src/stm32f4xx_hal_gpio.c.obj
LOAD CMakeFiles/deme7.elf.dir/Drivers/STM32F4xx_HAL_Driver/Src/stm32f4xx_hal_pwr.c.obj
LOAD CMakeFiles/deme7.elf.dir/Drivers/STM32F4xx_HAL_Driver/Src/stm32f4xx_hal_pwr_ex.c.obj
LOAD CMakeFiles/deme7.elf.dir/Drivers/STM32F4xx_HAL_Driver/Src/stm32f4xx_hal_rcc.c.obj
LOAD CMakeFiles/deme7.elf.dir/Drivers/STM32F4xx_HAL_Driver/Src/stm32f4xx_hal_rcc_ex.c.obj
LOAD CMakeFiles/deme7.elf.dir/Drivers/STM32F4xx_HAL_Driver/Src/stm32f4xx_hal_tim.c.obj
LOAD CMakeFiles/deme7.elf.dir/Drivers/STM32F4xx_HAL_Driver/Src/stm32f4xx_hal_tim_ex.c.obj
LOAD CMakeFiles/deme7.elf.dir/Drivers/STM32F4xx_HAL_Driver/Src/stm32f4xx_hal_uart.c.obj
LOAD CMakeFiles/deme7.elf.dir/startup/startup_stm32f407xx.s.obj
START GROUP
LOAD d:/study_stm32/environment/gcc-arm-none-eabi-9-2019-q4-major-win32 (1)/bin/../lib/gcc/arm-none-eabi/9.2.1/thumb/v7e-m/nofp\libgcc.a
LOAD d:/study_stm32/environment/gcc-arm-none-eabi-9-2019-q4-major-win32 (1)/bin/../lib/gcc/arm-none-eabi/9.2.1/../../../../arm-none-eabi/lib/thumb/v7e-m/nofp\libc.a
END GROUP
LOAD d:/study_stm32/environment/gcc-arm-none-eabi-9-2019-q4-major-win32 (1)/bin/../lib/gcc/arm-none-eabi/9.2.1/thumb/v7e-m/nofp/crtend.o
LOAD d:/study_stm32/environment/gcc-arm-none-eabi-9-2019-q4-major-win32 (1)/bin/../lib/gcc/arm-none-eabi/9.2.1/thumb/v7e-m/nofp/crtn.o
                0x20020000                _estack = 0x20020000
                0x00000200                _Min_Heap_Size = 0x200
                0x00000400                _Min_Stack_Size = 0x400

.isr_vector     0x08000000      0x188
                0x08000000                . = ALIGN (0x4)
 *(.isr_vector)
 .isr_vector    0x08000000      0x188 CMakeFiles/deme7.elf.dir/startup/startup_stm32f407xx.s.obj
                0x08000000                g_pfnVectors
                0x08000188                . = ALIGN (0x4)

.text           0x080001c0     0x7614
                0x080001c0                . = ALIGN (0x4)
 *(.text)
 .text          0x080001c0       0x40 d:/study_stm32/environment/gcc-arm-none-eabi-9-2019-q4-major-win32 (1)/bin/../lib/gcc/arm-none-eabi/9.2.1/thumb/v7e-m/nofp/crtbegin.o
 .text          0x08000200       0x30 d:/study_stm32/environment/gcc-arm-none-eabi-9-2019-q4-major-win32 (1)/bin/../lib/gcc/arm-none-eabi/9.2.1/thumb/v7e-m/nofp\libgcc.a(_aeabi_uldivmod.o)
                0x08000200                __aeabi_uldivmod
 .text          0x08000230      0x2c0 d:/study_stm32/environment/gcc-arm-none-eabi-9-2019-q4-major-win32 (1)/bin/../lib/gcc/arm-none-eabi/9.2.1/thumb/v7e-m/nofp\libgcc.a(_udivmoddi4.o)
                0x08000230                __udivmoddi4
 .text          0x080004f0        0x4 d:/study_stm32/environment/gcc-arm-none-eabi-9-2019-q4-major-win32 (1)/bin/../lib/gcc/arm-none-eabi/9.2.1/thumb/v7e-m/nofp\libgcc.a(_dvmd_tls.o)
                0x080004f0                __aeabi_idiv0
                0x080004f0                __aeabi_ldiv0
 *fill*         0x080004f4        0xc 
 .text          0x08000500       0xa0 d:/study_stm32/environment/gcc-arm-none-eabi-9-2019-q4-major-win32 (1)/bin/../lib/gcc/arm-none-eabi/9.2.1/../../../../arm-none-eabi/lib/thumb/v7e-m/nofp\libc.a(lib_a-memchr.o)
                0x08000500                memchr
 .text          0x080005a0      0x134 d:/study_stm32/environment/gcc-arm-none-eabi-9-2019-q4-major-win32 (1)/bin/../lib/gcc/arm-none-eabi/9.2.1/../../../../arm-none-eabi/lib/thumb/v7e-m/nofp\libc.a(lib_a-memcpy.o)
                0x080005a0                memcpy
 *fill*         0x080006d4       0x2c 
 .text          0x08000700       0xdc d:/study_stm32/environment/gcc-arm-none-eabi-9-2019-q4-major-win32 (1)/bin/../lib/gcc/arm-none-eabi/9.2.1/../../../../arm-none-eabi/lib/thumb/v7e-m/nofp\libc.a(lib_a-strlen.o)
                0x08000700                strlen
 .text          0x080007dc      0x378 d:/study_stm32/environment/gcc-arm-none-eabi-9-2019-q4-major-win32 (1)/bin/../lib/gcc/arm-none-eabi/9.2.1/thumb/v7e-m/nofp\libgcc.a(_arm_addsubdf3.o)
                0x080007dc                __aeabi_drsub
                0x080007e4                __aeabi_dsub
                0x080007e4                __subdf3
                0x080007e8                __aeabi_dadd
                0x080007e8                __adddf3
                0x08000a60                __floatunsidf
                0x08000a60                __aeabi_ui2d
                0x08000a80                __floatsidf
                0x08000a80                __aeabi_i2d
                0x08000aa4                __aeabi_f2d
                0x08000aa4                __extendsfdf2
                0x08000ae8                __floatundidf
                0x08000ae8                __aeabi_ul2d
                0x08000af8                __floatdidf
                0x08000af8                __aeabi_l2d
 .text          0x08000b54      0x424 d:/study_stm32/environment/gcc-arm-none-eabi-9-2019-q4-major-win32 (1)/bin/../lib/gcc/arm-none-eabi/9.2.1/thumb/v7e-m/nofp\libgcc.a(_arm_muldivdf3.o)
                0x08000b54                __aeabi_dmul
                0x08000b54                __muldf3
                0x08000da8                __divdf3
                0x08000da8                __aeabi_ddiv
 .text          0x08000f78      0x110 d:/study_stm32/environment/gcc-arm-none-eabi-9-2019-q4-major-win32 (1)/bin/../lib/gcc/arm-none-eabi/9.2.1/thumb/v7e-m/nofp\libgcc.a(_arm_cmpdf2.o)
                0x08000f78                __gtdf2
                0x08000f78                __gedf2
                0x08000f80                __ltdf2
                0x08000f80                __ledf2
                0x08000f88                __nedf2
                0x08000f88                __eqdf2
                0x08000f88                __cmpdf2
                0x08001004                __aeabi_cdrcmple
                0x08001014                __aeabi_cdcmpeq
                0x08001014                __aeabi_cdcmple
                0x08001024                __aeabi_dcmpeq
                0x08001038                __aeabi_dcmplt
                0x0800104c                __aeabi_dcmple
                0x08001060                __aeabi_dcmpge
                0x08001074                __aeabi_dcmpgt
 .text          0x08001088       0x2c d:/study_stm32/environment/gcc-arm-none-eabi-9-2019-q4-major-win32 (1)/bin/../lib/gcc/arm-none-eabi/9.2.1/thumb/v7e-m/nofp\libgcc.a(_arm_unorddf2.o)
                0x08001088                __unorddf2
                0x08001088                __aeabi_dcmpun
 .text          0x080010b4       0x50 d:/study_stm32/environment/gcc-arm-none-eabi-9-2019-q4-major-win32 (1)/bin/../lib/gcc/arm-none-eabi/9.2.1/thumb/v7e-m/nofp\libgcc.a(_arm_fixdfsi.o)
                0x080010b4                __aeabi_d2iz
                0x080010b4                __fixdfsi
 *(.text*)
 .text.MX_GPIO_Init
                0x08001104       0x80 CMakeFiles/deme7.elf.dir/Core/Src/gpio.c.obj
                0x08001104                MX_GPIO_Init
 .text.Error_Handler
                0x08001184        0x4 CMakeFiles/deme7.elf.dir/Core/Src/main.c.obj
                0x08001184                Error_Handler
 .text.SystemClock_Config
                0x08001188       0xac CMakeFiles/deme7.elf.dir/Core/Src/main.c.obj
                0x08001188                SystemClock_Config
 .text.main     0x08001234       0x2c CMakeFiles/deme7.elf.dir/Core/Src/main.c.obj
                0x08001234                main
 .text.HAL_MspInit
                0x08001260       0x40 CMakeFiles/deme7.elf.dir/Core/Src/stm32f4xx_hal_msp.c.obj
                0x08001260                HAL_MspInit
 .text.NMI_Handler
                0x080012a0        0x2 CMakeFiles/deme7.elf.dir/Core/Src/stm32f4xx_it.c.obj
                0x080012a0                NMI_Handler
 .text.HardFault_Handler
                0x080012a2        0x2 CMakeFiles/deme7.elf.dir/Core/Src/stm32f4xx_it.c.obj
                0x080012a2                HardFault_Handler
 .text.MemManage_Handler
                0x080012a4        0x2 CMakeFiles/deme7.elf.dir/Core/Src/stm32f4xx_it.c.obj
                0x080012a4                MemManage_Handler
 .text.BusFault_Handler
                0x080012a6        0x2 CMakeFiles/deme7.elf.dir/Core/Src/stm32f4xx_it.c.obj
                0x080012a6                BusFault_Handler
 .text.UsageFault_Handler
                0x080012a8        0x2 CMakeFiles/deme7.elf.dir/Core/Src/stm32f4xx_it.c.obj
                0x080012a8                UsageFault_Handler
 .text.SVC_Handler
                0x080012aa        0x2 CMakeFiles/deme7.elf.dir/Core/Src/stm32f4xx_it.c.obj
                0x080012aa                SVC_Handler
 .text.DebugMon_Handler
                0x080012ac        0x2 CMakeFiles/deme7.elf.dir/Core/Src/stm32f4xx_it.c.obj
                0x080012ac                DebugMon_Handler
 .text.PendSV_Handler
                0x080012ae        0x2 CMakeFiles/deme7.elf.dir/Core/Src/stm32f4xx_it.c.obj
                0x080012ae                PendSV_Handler
 .text.SysTick_Handler
                0x080012b0        0x8 CMakeFiles/deme7.elf.dir/Core/Src/stm32f4xx_it.c.obj
                0x080012b0                SysTick_Handler
 .text.USART1_IRQHandler
                0x080012b8       0x10 CMakeFiles/deme7.elf.dir/Core/Src/stm32f4xx_it.c.obj
                0x080012b8                USART1_IRQHandler
 .text.TIM7_IRQHandler
                0x080012c8       0x10 CMakeFiles/deme7.elf.dir/Core/Src/stm32f4xx_it.c.obj
                0x080012c8                TIM7_IRQHandler
 .text._read    0x080012d8       0x20 CMakeFiles/deme7.elf.dir/Core/Src/syscalls.c.obj
                0x080012d8                _read
 .text._write   0x080012f8       0x1c CMakeFiles/deme7.elf.dir/Core/Src/syscalls.c.obj
                0x080012f8                _write
 .text._sbrk    0x08001314       0x3c CMakeFiles/deme7.elf.dir/Core/Src/syscalls.c.obj
                0x08001314                _sbrk
 .text._close   0x08001350        0x6 CMakeFiles/deme7.elf.dir/Core/Src/syscalls.c.obj
                0x08001350                _close
 .text._fstat   0x08001356        0xa CMakeFiles/deme7.elf.dir/Core/Src/syscalls.c.obj
                0x08001356                _fstat
 .text._isatty  0x08001360        0x4 CMakeFiles/deme7.elf.dir/Core/Src/syscalls.c.obj
                0x08001360                _isatty
 .text._lseek   0x08001364        0x4 CMakeFiles/deme7.elf.dir/Core/Src/syscalls.c.obj
                0x08001364                _lseek
 .text.SystemInit
                0x08001368        0x2 CMakeFiles/deme7.elf.dir/Core/Src/system_stm32f4xx.c.obj
                0x08001368                SystemInit
 *fill*         0x0800136a        0x2 
 .text.MX_TIM7_Init
                0x0800136c       0x54 CMakeFiles/deme7.elf.dir/Core/Src/tim.c.obj
                0x0800136c                MX_TIM7_Init
 .text.HAL_TIM_Base_MspInit
                0x080013c0       0x44 CMakeFiles/deme7.elf.dir/Core/Src/tim.c.obj
                0x080013c0                HAL_TIM_Base_MspInit
 .text.MX_USART1_UART_Init
                0x08001404       0x34 CMakeFiles/deme7.elf.dir/Core/Src/usart.c.obj
                0x08001404                MX_USART1_UART_Init
 .text.HAL_UART_MspInit
                0x08001438       0x84 CMakeFiles/deme7.elf.dir/Core/Src/usart.c.obj
                0x08001438                HAL_UART_MspInit
 .text.HAL_InitTick
                0x080014bc       0x4c CMakeFiles/deme7.elf.dir/Drivers/STM32F4xx_HAL_Driver/Src/stm32f4xx_hal.c.obj
                0x080014bc                HAL_InitTick
 .text.HAL_Init
                0x08001508       0x34 CMakeFiles/deme7.elf.dir/Drivers/STM32F4xx_HAL_Driver/Src/stm32f4xx_hal.c.obj
                0x08001508                HAL_Init
 .text.HAL_IncTick
                0x0800153c       0x18 CMakeFiles/deme7.elf.dir/Drivers/STM32F4xx_HAL_Driver/Src/stm32f4xx_hal.c.obj
                0x0800153c                HAL_IncTick
 .text.HAL_GetTick
                0x08001554        0xc CMakeFiles/deme7.elf.dir/Drivers/STM32F4xx_HAL_Driver/Src/stm32f4xx_hal.c.obj
                0x08001554                HAL_GetTick
 .text.HAL_Delay
                0x08001560       0x28 CMakeFiles/deme7.elf.dir/Drivers/STM32F4xx_HAL_Driver/Src/stm32f4xx_hal.c.obj
                0x08001560                HAL_Delay
 .text.HAL_NVIC_SetPriorityGrouping
                0x08001588       0x24 CMakeFiles/deme7.elf.dir/Drivers/STM32F4xx_HAL_Driver/Src/stm32f4xx_hal_cortex.c.obj
                0x08001588                HAL_NVIC_SetPriorityGrouping
 .text.HAL_NVIC_SetPriority
                0x080015ac       0x68 CMakeFiles/deme7.elf.dir/Drivers/STM32F4xx_HAL_Driver/Src/stm32f4xx_hal_cortex.c.obj
                0x080015ac                HAL_NVIC_SetPriority
 .text.HAL_NVIC_EnableIRQ
                0x08001614       0x1c CMakeFiles/deme7.elf.dir/Drivers/STM32F4xx_HAL_Driver/Src/stm32f4xx_hal_cortex.c.obj
                0x08001614                HAL_NVIC_EnableIRQ
 .text.HAL_SYSTICK_Config
                0x08001630       0x2c CMakeFiles/deme7.elf.dir/Drivers/STM32F4xx_HAL_Driver/Src/stm32f4xx_hal_cortex.c.obj
                0x08001630                HAL_SYSTICK_Config
 .text.HAL_DMA_Abort
                0x0800165c       0x94 CMakeFiles/deme7.elf.dir/Drivers/STM32F4xx_HAL_Driver/Src/stm32f4xx_hal_dma.c.obj
                0x0800165c                HAL_DMA_Abort
 .text.HAL_DMA_Abort_IT
                0x080016f0       0x26 CMakeFiles/deme7.elf.dir/Drivers/STM32F4xx_HAL_Driver/Src/stm32f4xx_hal_dma.c.obj
                0x080016f0                HAL_DMA_Abort_IT
 *fill*         0x08001716        0x2 
 .text.HAL_GPIO_Init
                0x08001718      0x1d4 CMakeFiles/deme7.elf.dir/Drivers/STM32F4xx_HAL_Driver/Src/stm32f4xx_hal_gpio.c.obj
                0x08001718                HAL_GPIO_Init
 .text.HAL_GPIO_WritePin
                0x080018ec        0xc CMakeFiles/deme7.elf.dir/Drivers/STM32F4xx_HAL_Driver/Src/stm32f4xx_hal_gpio.c.obj
                0x080018ec                HAL_GPIO_WritePin
 .text.HAL_RCC_OscConfig
                0x080018f8      0x3f8 CMakeFiles/deme7.elf.dir/Drivers/STM32F4xx_HAL_Driver/Src/stm32f4xx_hal_rcc.c.obj
                0x080018f8                HAL_RCC_OscConfig
 .text.HAL_RCC_GetSysClockFreq
                0x08001cf0       0xcc CMakeFiles/deme7.elf.dir/Drivers/STM32F4xx_HAL_Driver/Src/stm32f4xx_hal_rcc.c.obj
                0x08001cf0                HAL_RCC_GetSysClockFreq
 .text.HAL_RCC_ClockConfig
                0x08001dbc      0x160 CMakeFiles/deme7.elf.dir/Drivers/STM32F4xx_HAL_Driver/Src/stm32f4xx_hal_rcc.c.obj
                0x08001dbc                HAL_RCC_ClockConfig
 .text.HAL_RCC_GetHCLKFreq
                0x08001f1c        0xc CMakeFiles/deme7.elf.dir/Drivers/STM32F4xx_HAL_Driver/Src/stm32f4xx_hal_rcc.c.obj
                0x08001f1c                HAL_RCC_GetHCLKFreq
 .text.HAL_RCC_GetPCLK1Freq
                0x08001f28       0x20 CMakeFiles/deme7.elf.dir/Drivers/STM32F4xx_HAL_Driver/Src/stm32f4xx_hal_rcc.c.obj
                0x08001f28                HAL_RCC_GetPCLK1Freq
 .text.HAL_RCC_GetPCLK2Freq
                0x08001f48       0x20 CMakeFiles/deme7.elf.dir/Drivers/STM32F4xx_HAL_Driver/Src/stm32f4xx_hal_rcc.c.obj
                0x08001f48                HAL_RCC_GetPCLK2Freq
 .text.HAL_TIM_PeriodElapsedCallback
                0x08001f68        0x2 CMakeFiles/deme7.elf.dir/Drivers/STM32F4xx_HAL_Driver/Src/stm32f4xx_hal_tim.c.obj
                0x08001f68                HAL_TIM_PeriodElapsedCallback
 .text.HAL_TIM_OC_DelayElapsedCallback
                0x08001f6a        0x2 CMakeFiles/deme7.elf.dir/Drivers/STM32F4xx_HAL_Driver/Src/stm32f4xx_hal_tim.c.obj
                0x08001f6a                HAL_TIM_OC_DelayElapsedCallback
 .text.HAL_TIM_IC_CaptureCallback
                0x08001f6c        0x2 CMakeFiles/deme7.elf.dir/Drivers/STM32F4xx_HAL_Driver/Src/stm32f4xx_hal_tim.c.obj
                0x08001f6c                HAL_TIM_IC_CaptureCallback
 .text.HAL_TIM_PWM_PulseFinishedCallback
                0x08001f6e        0x2 CMakeFiles/deme7.elf.dir/Drivers/STM32F4xx_HAL_Driver/Src/stm32f4xx_hal_tim.c.obj
                0x08001f6e                HAL_TIM_PWM_PulseFinishedCallback
 .text.HAL_TIM_TriggerCallback
                0x08001f70        0x2 CMakeFiles/deme7.elf.dir/Drivers/STM32F4xx_HAL_Driver/Src/stm32f4xx_hal_tim.c.obj
                0x08001f70                HAL_TIM_TriggerCallback
 .text.HAL_TIM_IRQHandler
                0x08001f72      0x17a CMakeFiles/deme7.elf.dir/Drivers/STM32F4xx_HAL_Driver/Src/stm32f4xx_hal_tim.c.obj
                0x08001f72                HAL_TIM_IRQHandler
 .text.TIM_Base_SetConfig
                0x080020ec       0xc8 CMakeFiles/deme7.elf.dir/Drivers/STM32F4xx_HAL_Driver/Src/stm32f4xx_hal_tim.c.obj
                0x080020ec                TIM_Base_SetConfig
 .text.HAL_TIM_Base_Init
                0x080021b4       0x58 CMakeFiles/deme7.elf.dir/Drivers/STM32F4xx_HAL_Driver/Src/stm32f4xx_hal_tim.c.obj
                0x080021b4                HAL_TIM_Base_Init
 .text.HAL_TIMEx_MasterConfigSynchronization
                0x0800220c       0x88 CMakeFiles/deme7.elf.dir/Drivers/STM32F4xx_HAL_Driver/Src/stm32f4xx_hal_tim_ex.c.obj
                0x0800220c                HAL_TIMEx_MasterConfigSynchronization
 .text.HAL_TIMEx_CommutCallback
                0x08002294        0x2 CMakeFiles/deme7.elf.dir/Drivers/STM32F4xx_HAL_Driver/Src/stm32f4xx_hal_tim_ex.c.obj
                0x08002294                HAL_TIMEx_CommutCallback
 .text.HAL_TIMEx_BreakCallback
                0x08002296        0x2 CMakeFiles/deme7.elf.dir/Drivers/STM32F4xx_HAL_Driver/Src/stm32f4xx_hal_tim_ex.c.obj
                0x08002296                HAL_TIMEx_BreakCallback
 .text.UART_EndRxTransfer
                0x08002298       0x5c CMakeFiles/deme7.elf.dir/Drivers/STM32F4xx_HAL_Driver/Src/stm32f4xx_hal_uart.c.obj
 .text.UART_Transmit_IT
                0x080022f4       0x60 CMakeFiles/deme7.elf.dir/Drivers/STM32F4xx_HAL_Driver/Src/stm32f4xx_hal_uart.c.obj
 .text.UART_SetConfig
                0x08002354      0x11c CMakeFiles/deme7.elf.dir/Drivers/STM32F4xx_HAL_Driver/Src/stm32f4xx_hal_uart.c.obj
 .text.HAL_UART_Init
                0x08002470       0x5e CMakeFiles/deme7.elf.dir/Drivers/STM32F4xx_HAL_Driver/Src/stm32f4xx_hal_uart.c.obj
                0x08002470                HAL_UART_Init
 .text.HAL_UART_TxCpltCallback
                0x080024ce        0x2 CMakeFiles/deme7.elf.dir/Drivers/STM32F4xx_HAL_Driver/Src/stm32f4xx_hal_uart.c.obj
                0x080024ce                HAL_UART_TxCpltCallback
 .text.UART_EndTransmit_IT
                0x080024d0       0x1a CMakeFiles/deme7.elf.dir/Drivers/STM32F4xx_HAL_Driver/Src/stm32f4xx_hal_uart.c.obj
 .text.HAL_UART_RxCpltCallback
                0x080024ea        0x2 CMakeFiles/deme7.elf.dir/Drivers/STM32F4xx_HAL_Driver/Src/stm32f4xx_hal_uart.c.obj
                0x080024ea                HAL_UART_RxCpltCallback
 .text.HAL_UART_ErrorCallback
                0x080024ec        0x2 CMakeFiles/deme7.elf.dir/Drivers/STM32F4xx_HAL_Driver/Src/stm32f4xx_hal_uart.c.obj
                0x080024ec                HAL_UART_ErrorCallback
 .text.UART_DMAAbortOnError
                0x080024ee       0x10 CMakeFiles/deme7.elf.dir/Drivers/STM32F4xx_HAL_Driver/Src/stm32f4xx_hal_uart.c.obj
 .text.HAL_UARTEx_RxEventCallback
                0x080024fe        0x2 CMakeFiles/deme7.elf.dir/Drivers/STM32F4xx_HAL_Driver/Src/stm32f4xx_hal_uart.c.obj
                0x080024fe                HAL_UARTEx_RxEventCallback
 .text.UART_Receive_IT
                0x08002500       0xe2 CMakeFiles/deme7.elf.dir/Drivers/STM32F4xx_HAL_Driver/Src/stm32f4xx_hal_uart.c.obj
 *fill*         0x080025e2        0x2 
 .text.HAL_UART_IRQHandler
                0x080025e4      0x280 CMakeFiles/deme7.elf.dir/Drivers/STM32F4xx_HAL_Driver/Src/stm32f4xx_hal_uart.c.obj
                0x080025e4                HAL_UART_IRQHandler
 .text.Reset_Handler
                0x08002864       0x50 CMakeFiles/deme7.elf.dir/startup/startup_stm32f407xx.s.obj
                0x08002864                Reset_Handler
 .text.Default_Handler
                0x080028b4        0x2 CMakeFiles/deme7.elf.dir/startup/startup_stm32f407xx.s.obj
                0x080028b4                RTC_Alarm_IRQHandler
                0x080028b4                HASH_RNG_IRQHandler
                0x080028b4                EXTI2_IRQHandler
                0x080028b4                TIM8_CC_IRQHandler
                0x080028b4                TIM1_CC_IRQHandler
                0x080028b4                DMA2_Stream5_IRQHandler
                0x080028b4                DMA1_Stream5_IRQHandler
                0x080028b4                PVD_IRQHandler
                0x080028b4                SDIO_IRQHandler
                0x080028b4                TAMP_STAMP_IRQHandler
                0x080028b4                CAN2_RX1_IRQHandler
                0x080028b4                EXTI3_IRQHandler
                0x080028b4                TIM8_TRG_COM_TIM14_IRQHandler
                0x080028b4                TIM1_UP_TIM10_IRQHandler
                0x080028b4                TIM8_UP_TIM13_IRQHandler
                0x080028b4                I2C3_ER_IRQHandler
                0x080028b4                EXTI0_IRQHandler
                0x080028b4                I2C2_EV_IRQHandler
                0x080028b4                DMA1_Stream2_IRQHandler
                0x080028b4                CAN1_RX0_IRQHandler
                0x080028b4                FPU_IRQHandler
                0x080028b4                OTG_HS_WKUP_IRQHandler
                0x080028b4                CAN2_SCE_IRQHandler
                0x080028b4                DMA2_Stream2_IRQHandler
                0x080028b4                SPI1_IRQHandler
                0x080028b4                TIM6_DAC_IRQHandler
                0x080028b4                TIM1_BRK_TIM9_IRQHandler
                0x080028b4                DCMI_IRQHandler
                0x080028b4                CAN2_RX0_IRQHandler
                0x080028b4                DMA2_Stream3_IRQHandler
                0x080028b4                USART6_IRQHandler
                0x080028b4                USART3_IRQHandler
                0x080028b4                CAN1_RX1_IRQHandler
                0x080028b4                UART5_IRQHandler
                0x080028b4                DMA2_Stream0_IRQHandler
                0x080028b4                TIM4_IRQHandler
                0x080028b4                I2C1_EV_IRQHandler
                0x080028b4                DMA1_Stream6_IRQHandler
                0x080028b4                DMA1_Stream1_IRQHandler
                0x080028b4                UART4_IRQHandler
                0x080028b4                TIM3_IRQHandler
                0x080028b4                RCC_IRQHandler
                0x080028b4                TIM8_BRK_TIM12_IRQHandler
                0x080028b4                Default_Handler
                0x080028b4                EXTI15_10_IRQHandler
                0x080028b4                ADC_IRQHandler
                0x080028b4                DMA1_Stream7_IRQHandler
                0x080028b4                CAN2_TX_IRQHandler
                0x080028b4                TIM5_IRQHandler
                0x080028b4                DMA2_Stream7_IRQHandler
                0x080028b4                I2C3_EV_IRQHandler
                0x080028b4                EXTI9_5_IRQHandler
                0x080028b4                RTC_WKUP_IRQHandler
                0x080028b4                ETH_WKUP_IRQHandler
                0x080028b4                SPI2_IRQHandler
                0x080028b4                OTG_HS_EP1_IN_IRQHandler
                0x080028b4                DMA1_Stream0_IRQHandler
                0x080028b4                CAN1_TX_IRQHandler
                0x080028b4                EXTI4_IRQHandler
                0x080028b4                FSMC_IRQHandler
                0x080028b4                ETH_IRQHandler
                0x080028b4                OTG_HS_EP1_OUT_IRQHandler
                0x080028b4                WWDG_IRQHandler
                0x080028b4                TIM2_IRQHandler
                0x080028b4                OTG_FS_WKUP_IRQHandler
                0x080028b4                TIM1_TRG_COM_TIM11_IRQHandler
                0x080028b4                OTG_HS_IRQHandler
                0x080028b4                EXTI1_IRQHandler
                0x080028b4                USART2_IRQHandler
                0x080028b4                I2C2_ER_IRQHandler
                0x080028b4                DMA2_Stream1_IRQHandler
                0x080028b4                CAN1_SCE_IRQHandler
                0x080028b4                FLASH_IRQHandler
                0x080028b4                DMA2_Stream4_IRQHandler
                0x080028b4                OTG_FS_IRQHandler
                0x080028b4                SPI3_IRQHandler
                0x080028b4                DMA1_Stream4_IRQHandler
                0x080028b4                I2C1_ER_IRQHandler
                0x080028b4                DMA2_Stream6_IRQHandler
                0x080028b4                DMA1_Stream3_IRQHandler
 *fill*         0x080028b6        0x2 
 .text.__errno  0x080028b8        0xc d:/study_stm32/environment/gcc-arm-none-eabi-9-2019-q4-major-win32 (1)/bin/../lib/gcc/arm-none-eabi/9.2.1/../../../../arm-none-eabi/lib/thumb/v7e-m/nofp\libc.a(lib_a-errno.o)
                0x080028b8                __errno
 .text.__libc_init_array
                0x080028c4       0x48 d:/study_stm32/environment/gcc-arm-none-eabi-9-2019-q4-major-win32 (1)/bin/../lib/gcc/arm-none-eabi/9.2.1/../../../../arm-none-eabi/lib/thumb/v7e-m/nofp\libc.a(lib_a-init.o)
                0x080028c4                __libc_init_array
 .text.memset   0x0800290c       0xa0 d:/study_stm32/environment/gcc-arm-none-eabi-9-2019-q4-major-win32 (1)/bin/../lib/gcc/arm-none-eabi/9.2.1/../../../../arm-none-eabi/lib/thumb/v7e-m/nofp\libc.a(lib_a-memset.o)
                0x0800290c                memset
 .text.printf   0x080029ac       0x28 d:/study_stm32/environment/gcc-arm-none-eabi-9-2019-q4-major-win32 (1)/bin/../lib/gcc/arm-none-eabi/9.2.1/../../../../arm-none-eabi/lib/thumb/v7e-m/nofp\libc.a(lib_a-printf.o)
                0x080029ac                printf
 .text._vfprintf_r
                0x080029d4     0x1b84 d:/study_stm32/environment/gcc-arm-none-eabi-9-2019-q4-major-win32 (1)/bin/../lib/gcc/arm-none-eabi/9.2.1/../../../../arm-none-eabi/lib/thumb/v7e-m/nofp\libc.a(lib_a-vfprintf.o)
                0x080029d4                _vfprintf_r
 .text.__sbprintf
                0x08004558       0x84 d:/study_stm32/environment/gcc-arm-none-eabi-9-2019-q4-major-win32 (1)/bin/../lib/gcc/arm-none-eabi/9.2.1/../../../../arm-none-eabi/lib/thumb/v7e-m/nofp\libc.a(lib_a-vfprintf.o)
 .text.__swsetup_r
                0x080045dc       0xd0 d:/study_stm32/environment/gcc-arm-none-eabi-9-2019-q4-major-win32 (1)/bin/../lib/gcc/arm-none-eabi/9.2.1/../../../../arm-none-eabi/lib/thumb/v7e-m/nofp\libc.a(lib_a-wsetup.o)
                0x080045dc                __swsetup_r
 .text.startup.register_fini
                0x080046ac       0x14 d:/study_stm32/environment/gcc-arm-none-eabi-9-2019-q4-major-win32 (1)/bin/../lib/gcc/arm-none-eabi/9.2.1/../../../../arm-none-eabi/lib/thumb/v7e-m/nofp\libc.a(lib_a-__call_atexit.o)
 .text.atexit   0x080046c0        0xc d:/study_stm32/environment/gcc-arm-none-eabi-9-2019-q4-major-win32 (1)/bin/../lib/gcc/arm-none-eabi/9.2.1/../../../../arm-none-eabi/lib/thumb/v7e-m/nofp\libc.a(lib_a-atexit.o)
                0x080046c0                atexit
 .text.quorem   0x080046cc      0x11c d:/study_stm32/environment/gcc-arm-none-eabi-9-2019-q4-major-win32 (1)/bin/../lib/gcc/arm-none-eabi/9.2.1/../../../../arm-none-eabi/lib/thumb/v7e-m/nofp\libc.a(lib_a-dtoa.o)
 .text._dtoa_r  0x080047e8      0xeb8 d:/study_stm32/environment/gcc-arm-none-eabi-9-2019-q4-major-win32 (1)/bin/../lib/gcc/arm-none-eabi/9.2.1/../../../../arm-none-eabi/lib/thumb/v7e-m/nofp\libc.a(lib_a-dtoa.o)
                0x080047e8                _dtoa_r
 .text.__sflush_r
                0x080056a0      0x130 d:/study_stm32/environment/gcc-arm-none-eabi-9-2019-q4-major-win32 (1)/bin/../lib/gcc/arm-none-eabi/9.2.1/../../../../arm-none-eabi/lib/thumb/v7e-m/nofp\libc.a(lib_a-fflush.o)
                0x080056a0                __sflush_r
 .text._fflush_r
                0x080057d0       0x5c d:/study_stm32/environment/gcc-arm-none-eabi-9-2019-q4-major-win32 (1)/bin/../lib/gcc/arm-none-eabi/9.2.1/../../../../arm-none-eabi/lib/thumb/v7e-m/nofp\libc.a(lib_a-fflush.o)
                0x080057d0                _fflush_r
 .text.std      0x0800582c       0x50 d:/study_stm32/environment/gcc-arm-none-eabi-9-2019-q4-major-win32 (1)/bin/../lib/gcc/arm-none-eabi/9.2.1/../../../../arm-none-eabi/lib/thumb/v7e-m/nofp\libc.a(lib_a-findfp.o)
 .text._cleanup_r
                0x0800587c        0xc d:/study_stm32/environment/gcc-arm-none-eabi-9-2019-q4-major-win32 (1)/bin/../lib/gcc/arm-none-eabi/9.2.1/../../../../arm-none-eabi/lib/thumb/v7e-m/nofp\libc.a(lib_a-findfp.o)
                0x0800587c                _cleanup_r
 .text.__sinit  0x08005888       0x54 d:/study_stm32/environment/gcc-arm-none-eabi-9-2019-q4-major-win32 (1)/bin/../lib/gcc/arm-none-eabi/9.2.1/../../../../arm-none-eabi/lib/thumb/v7e-m/nofp\libc.a(lib_a-findfp.o)
                0x08005888                __sinit
 .text.__sfp_lock_acquire
                0x080058dc        0xc d:/study_stm32/environment/gcc-arm-none-eabi-9-2019-q4-major-win32 (1)/bin/../lib/gcc/arm-none-eabi/9.2.1/../../../../arm-none-eabi/lib/thumb/v7e-m/nofp\libc.a(lib_a-findfp.o)
                0x080058dc                __sfp_lock_acquire
 .text.__sfp_lock_release
                0x080058e8        0xc d:/study_stm32/environment/gcc-arm-none-eabi-9-2019-q4-major-win32 (1)/bin/../lib/gcc/arm-none-eabi/9.2.1/../../../../arm-none-eabi/lib/thumb/v7e-m/nofp\libc.a(lib_a-findfp.o)
                0x080058e8                __sfp_lock_release
 .text.__libc_fini_array
                0x080058f4       0x2c d:/study_stm32/environment/gcc-arm-none-eabi-9-2019-q4-major-win32 (1)/bin/../lib/gcc/arm-none-eabi/9.2.1/../../../../arm-none-eabi/lib/thumb/v7e-m/nofp\libc.a(lib_a-fini.o)
                0x080058f4                __libc_fini_array
 .text._malloc_trim_r
                0x08005920       0xa0 d:/study_stm32/environment/gcc-arm-none-eabi-9-2019-q4-major-win32 (1)/bin/../lib/gcc/arm-none-eabi/9.2.1/../../../../arm-none-eabi/lib/thumb/v7e-m/nofp\libc.a(lib_a-freer.o)
                0x08005920                _malloc_trim_r
 .text._free_r  0x080059c0      0x208 d:/study_stm32/environment/gcc-arm-none-eabi-9-2019-q4-major-win32 (1)/bin/../lib/gcc/arm-none-eabi/9.2.1/../../../../arm-none-eabi/lib/thumb/v7e-m/nofp\libc.a(lib_a-freer.o)
                0x080059c0                _free_r
 .text._fwalk_reent
                0x08005bc8       0x48 d:/study_stm32/environment/gcc-arm-none-eabi-9-2019-q4-major-win32 (1)/bin/../lib/gcc/arm-none-eabi/9.2.1/../../../../arm-none-eabi/lib/thumb/v7e-m/nofp\libc.a(lib_a-fwalk.o)
                0x08005bc8                _fwalk_reent
 .text._localeconv_r
                0x08005c10        0x8 d:/study_stm32/environment/gcc-arm-none-eabi-9-2019-q4-major-win32 (1)/bin/../lib/gcc/arm-none-eabi/9.2.1/../../../../arm-none-eabi/lib/thumb/v7e-m/nofp\libc.a(lib_a-localeconv.o)
                0x08005c10                _localeconv_r
 .text.__retarget_lock_init_recursive
                0x08005c18        0x4 d:/study_stm32/environment/gcc-arm-none-eabi-9-2019-q4-major-win32 (1)/bin/../lib/gcc/arm-none-eabi/9.2.1/../../../../arm-none-eabi/lib/thumb/v7e-m/nofp\libc.a(lib_a-lock.o)
                0x08005c18                __retarget_lock_init_recursive
 .text.__retarget_lock_close_recursive
                0x08005c1c        0x4 d:/study_stm32/environment/gcc-arm-none-eabi-9-2019-q4-major-win32 (1)/bin/../lib/gcc/arm-none-eabi/9.2.1/../../../../arm-none-eabi/lib/thumb/v7e-m/nofp\libc.a(lib_a-lock.o)
                0x08005c1c                __retarget_lock_close_recursive
 .text.__retarget_lock_acquire_recursive
                0x08005c20        0x4 d:/study_stm32/environment/gcc-arm-none-eabi-9-2019-q4-major-win32 (1)/bin/../lib/gcc/arm-none-eabi/9.2.1/../../../../arm-none-eabi/lib/thumb/v7e-m/nofp\libc.a(lib_a-lock.o)
                0x08005c20                __retarget_lock_acquire_recursive
 .text.__retarget_lock_release_recursive
                0x08005c24        0x4 d:/study_stm32/environment/gcc-arm-none-eabi-9-2019-q4-major-win32 (1)/bin/../lib/gcc/arm-none-eabi/9.2.1/../../../../arm-none-eabi/lib/thumb/v7e-m/nofp\libc.a(lib_a-lock.o)
                0x08005c24                __retarget_lock_release_recursive
 .text.__swhatbuf_r
                0x08005c28       0x5c d:/study_stm32/environment/gcc-arm-none-eabi-9-2019-q4-major-win32 (1)/bin/../lib/gcc/arm-none-eabi/9.2.1/../../../../arm-none-eabi/lib/thumb/v7e-m/nofp\libc.a(lib_a-makebuf.o)
                0x08005c28                __swhatbuf_r
 .text.__smakebuf_r
                0x08005c84       0x98 d:/study_stm32/environment/gcc-arm-none-eabi-9-2019-q4-major-win32 (1)/bin/../lib/gcc/arm-none-eabi/9.2.1/../../../../arm-none-eabi/lib/thumb/v7e-m/nofp\libc.a(lib_a-makebuf.o)
                0x08005c84                __smakebuf_r
 .text._malloc_r
                0x08005d1c      0x574 d:/study_stm32/environment/gcc-arm-none-eabi-9-2019-q4-major-win32 (1)/bin/../lib/gcc/arm-none-eabi/9.2.1/../../../../arm-none-eabi/lib/thumb/v7e-m/nofp\libc.a(lib_a-mallocr.o)
                0x08005d1c                _malloc_r
 .text.__malloc_lock
                0x08006290        0xc d:/study_stm32/environment/gcc-arm-none-eabi-9-2019-q4-major-win32 (1)/bin/../lib/gcc/arm-none-eabi/9.2.1/../../../../arm-none-eabi/lib/thumb/v7e-m/nofp\libc.a(lib_a-mlock.o)
                0x08006290                __malloc_lock
 .text.__malloc_unlock
                0x0800629c        0xc d:/study_stm32/environment/gcc-arm-none-eabi-9-2019-q4-major-win32 (1)/bin/../lib/gcc/arm-none-eabi/9.2.1/../../../../arm-none-eabi/lib/thumb/v7e-m/nofp\libc.a(lib_a-mlock.o)
                0x0800629c                __malloc_unlock
 .text._Balloc  0x080062a8       0x4c d:/study_stm32/environment/gcc-arm-none-eabi-9-2019-q4-major-win32 (1)/bin/../lib/gcc/arm-none-eabi/9.2.1/../../../../arm-none-eabi/lib/thumb/v7e-m/nofp\libc.a(lib_a-mprec.o)
                0x080062a8                _Balloc
 .text._Bfree   0x080062f4       0x14 d:/study_stm32/environment/gcc-arm-none-eabi-9-2019-q4-major-win32 (1)/bin/../lib/gcc/arm-none-eabi/9.2.1/../../../../arm-none-eabi/lib/thumb/v7e-m/nofp\libc.a(lib_a-mprec.o)
                0x080062f4                _Bfree
 .text.__multadd
                0x08006308       0x80 d:/study_stm32/environment/gcc-arm-none-eabi-9-2019-q4-major-win32 (1)/bin/../lib/gcc/arm-none-eabi/9.2.1/../../../../arm-none-eabi/lib/thumb/v7e-m/nofp\libc.a(lib_a-mprec.o)
                0x08006308                __multadd
 .text.__hi0bits
                0x08006388       0x40 d:/study_stm32/environment/gcc-arm-none-eabi-9-2019-q4-major-win32 (1)/bin/../lib/gcc/arm-none-eabi/9.2.1/../../../../arm-none-eabi/lib/thumb/v7e-m/nofp\libc.a(lib_a-mprec.o)
                0x08006388                __hi0bits
 .text.__lo0bits
                0x080063c8       0x60 d:/study_stm32/environment/gcc-arm-none-eabi-9-2019-q4-major-win32 (1)/bin/../lib/gcc/arm-none-eabi/9.2.1/../../../../arm-none-eabi/lib/thumb/v7e-m/nofp\libc.a(lib_a-mprec.o)
                0x080063c8                __lo0bits
 .text.__i2b    0x08006428       0x14 d:/study_stm32/environment/gcc-arm-none-eabi-9-2019-q4-major-win32 (1)/bin/../lib/gcc/arm-none-eabi/9.2.1/../../../../arm-none-eabi/lib/thumb/v7e-m/nofp\libc.a(lib_a-mprec.o)
                0x08006428                __i2b
 .text.__multiply
                0x0800643c      0x144 d:/study_stm32/environment/gcc-arm-none-eabi-9-2019-q4-major-win32 (1)/bin/../lib/gcc/arm-none-eabi/9.2.1/../../../../arm-none-eabi/lib/thumb/v7e-m/nofp\libc.a(lib_a-mprec.o)
                0x0800643c                __multiply
 .text.__pow5mult
                0x08006580       0xa0 d:/study_stm32/environment/gcc-arm-none-eabi-9-2019-q4-major-win32 (1)/bin/../lib/gcc/arm-none-eabi/9.2.1/../../../../arm-none-eabi/lib/thumb/v7e-m/nofp\libc.a(lib_a-mprec.o)
                0x08006580                __pow5mult
 .text.__lshift
                0x08006620       0xd4 d:/study_stm32/environment/gcc-arm-none-eabi-9-2019-q4-major-win32 (1)/bin/../lib/gcc/arm-none-eabi/9.2.1/../../../../arm-none-eabi/lib/thumb/v7e-m/nofp\libc.a(lib_a-mprec.o)
                0x08006620                __lshift
 .text.__mcmp   0x080066f4       0x3c d:/study_stm32/environment/gcc-arm-none-eabi-9-2019-q4-major-win32 (1)/bin/../lib/gcc/arm-none-eabi/9.2.1/../../../../arm-none-eabi/lib/thumb/v7e-m/nofp\libc.a(lib_a-mprec.o)
                0x080066f4                __mcmp
 .text.__mdiff  0x08006730      0x138 d:/study_stm32/environment/gcc-arm-none-eabi-9-2019-q4-major-win32 (1)/bin/../lib/gcc/arm-none-eabi/9.2.1/../../../../arm-none-eabi/lib/thumb/v7e-m/nofp\libc.a(lib_a-mprec.o)
                0x08006730                __mdiff
 .text.__d2b    0x08006868       0xa8 d:/study_stm32/environment/gcc-arm-none-eabi-9-2019-q4-major-win32 (1)/bin/../lib/gcc/arm-none-eabi/9.2.1/../../../../arm-none-eabi/lib/thumb/v7e-m/nofp\libc.a(lib_a-mprec.o)
                0x08006868                __d2b
 .text.frexp    0x08006910       0x70 d:/study_stm32/environment/gcc-arm-none-eabi-9-2019-q4-major-win32 (1)/bin/../lib/gcc/arm-none-eabi/9.2.1/../../../../arm-none-eabi/lib/thumb/v7e-m/nofp\libc.a(lib_a-s_frexp.o)
                0x08006910                frexp
 .text._sbrk_r  0x08006980       0x24 d:/study_stm32/environment/gcc-arm-none-eabi-9-2019-q4-major-win32 (1)/bin/../lib/gcc/arm-none-eabi/9.2.1/../../../../arm-none-eabi/lib/thumb/v7e-m/nofp\libc.a(lib_a-sbrkr.o)
                0x08006980                _sbrk_r
 .text.__sread  0x080069a4       0x24 d:/study_stm32/environment/gcc-arm-none-eabi-9-2019-q4-major-win32 (1)/bin/../lib/gcc/arm-none-eabi/9.2.1/../../../../arm-none-eabi/lib/thumb/v7e-m/nofp\libc.a(lib_a-stdio.o)
                0x080069a4                __sread
 .text.__swrite
                0x080069c8       0x40 d:/study_stm32/environment/gcc-arm-none-eabi-9-2019-q4-major-win32 (1)/bin/../lib/gcc/arm-none-eabi/9.2.1/../../../../arm-none-eabi/lib/thumb/v7e-m/nofp\libc.a(lib_a-stdio.o)
                0x080069c8                __swrite
 .text.__sseek  0x08006a08       0x20 d:/study_stm32/environment/gcc-arm-none-eabi-9-2019-q4-major-win32 (1)/bin/../lib/gcc/arm-none-eabi/9.2.1/../../../../arm-none-eabi/lib/thumb/v7e-m/nofp\libc.a(lib_a-stdio.o)
                0x08006a08                __sseek
 .text.__sclose
                0x08006a28        0x8 d:/study_stm32/environment/gcc-arm-none-eabi-9-2019-q4-major-win32 (1)/bin/../lib/gcc/arm-none-eabi/9.2.1/../../../../arm-none-eabi/lib/thumb/v7e-m/nofp\libc.a(lib_a-stdio.o)
                0x08006a28                __sclose
 .text.strncpy  0x08006a30       0x68 d:/study_stm32/environment/gcc-arm-none-eabi-9-2019-q4-major-win32 (1)/bin/../lib/gcc/arm-none-eabi/9.2.1/../../../../arm-none-eabi/lib/thumb/v7e-m/nofp\libc.a(lib_a-strncpy.o)
                0x08006a30                strncpy
 .text.__sprint_r.part.0
                0x08006a98       0x78 d:/study_stm32/environment/gcc-arm-none-eabi-9-2019-q4-major-win32 (1)/bin/../lib/gcc/arm-none-eabi/9.2.1/../../../../arm-none-eabi/lib/thumb/v7e-m/nofp\libc.a(lib_a-vfiprintf.o)
 .text.__sprint_r
                0x08006b10       0x14 d:/study_stm32/environment/gcc-arm-none-eabi-9-2019-q4-major-win32 (1)/bin/../lib/gcc/arm-none-eabi/9.2.1/../../../../arm-none-eabi/lib/thumb/v7e-m/nofp\libc.a(lib_a-vfiprintf.o)
                0x08006b10                __sprint_r
 .text._write_r
                0x08006b24       0x2c d:/study_stm32/environment/gcc-arm-none-eabi-9-2019-q4-major-win32 (1)/bin/../lib/gcc/arm-none-eabi/9.2.1/../../../../arm-none-eabi/lib/thumb/v7e-m/nofp\libc.a(lib_a-writer.o)
                0x08006b24                _write_r
 .text.__register_exitproc
                0x08006b50       0x8c d:/study_stm32/environment/gcc-arm-none-eabi-9-2019-q4-major-win32 (1)/bin/../lib/gcc/arm-none-eabi/9.2.1/../../../../arm-none-eabi/lib/thumb/v7e-m/nofp\libc.a(lib_a-__atexit.o)
                0x08006b50                __register_exitproc
 .text._calloc_r
                0x08006bdc       0x60 d:/study_stm32/environment/gcc-arm-none-eabi-9-2019-q4-major-win32 (1)/bin/../lib/gcc/arm-none-eabi/9.2.1/../../../../arm-none-eabi/lib/thumb/v7e-m/nofp\libc.a(lib_a-callocr.o)
                0x08006bdc                _calloc_r
 .text._close_r
                0x08006c3c       0x24 d:/study_stm32/environment/gcc-arm-none-eabi-9-2019-q4-major-win32 (1)/bin/../lib/gcc/arm-none-eabi/9.2.1/../../../../arm-none-eabi/lib/thumb/v7e-m/nofp\libc.a(lib_a-closer.o)
                0x08006c3c                _close_r
 .text._fclose_r
                0x08006c60       0xcc d:/study_stm32/environment/gcc-arm-none-eabi-9-2019-q4-major-win32 (1)/bin/../lib/gcc/arm-none-eabi/9.2.1/../../../../arm-none-eabi/lib/thumb/v7e-m/nofp\libc.a(lib_a-fclose.o)
                0x08006c60                _fclose_r
 .text.__fputwc
                0x08006d2c       0xa8 d:/study_stm32/environment/gcc-arm-none-eabi-9-2019-q4-major-win32 (1)/bin/../lib/gcc/arm-none-eabi/9.2.1/../../../../arm-none-eabi/lib/thumb/v7e-m/nofp\libc.a(lib_a-fputwc.o)
                0x08006d2c                __fputwc
 .text._fputwc_r
                0x08006dd4       0x68 d:/study_stm32/environment/gcc-arm-none-eabi-9-2019-q4-major-win32 (1)/bin/../lib/gcc/arm-none-eabi/9.2.1/../../../../arm-none-eabi/lib/thumb/v7e-m/nofp\libc.a(lib_a-fputwc.o)
                0x08006dd4                _fputwc_r
 .text._fstat_r
                0x08006e3c       0x2c d:/study_stm32/environment/gcc-arm-none-eabi-9-2019-q4-major-win32 (1)/bin/../lib/gcc/arm-none-eabi/9.2.1/../../../../arm-none-eabi/lib/thumb/v7e-m/nofp\libc.a(lib_a-fstatr.o)
                0x08006e3c                _fstat_r
 .text.__sfvwrite_r
                0x08006e68      0x2e0 d:/study_stm32/environment/gcc-arm-none-eabi-9-2019-q4-major-win32 (1)/bin/../lib/gcc/arm-none-eabi/9.2.1/../../../../arm-none-eabi/lib/thumb/v7e-m/nofp\libc.a(lib_a-fvwrite.o)
                0x08006e68                __sfvwrite_r
 .text._isatty_r
                0x08007148       0x24 d:/study_stm32/environment/gcc-arm-none-eabi-9-2019-q4-major-win32 (1)/bin/../lib/gcc/arm-none-eabi/9.2.1/../../../../arm-none-eabi/lib/thumb/v7e-m/nofp\libc.a(lib_a-isattyr.o)
                0x08007148                _isatty_r
 .text.__locale_mb_cur_max
                0x0800716c        0xc d:/study_stm32/environment/gcc-arm-none-eabi-9-2019-q4-major-win32 (1)/bin/../lib/gcc/arm-none-eabi/9.2.1/../../../../arm-none-eabi/lib/thumb/v7e-m/nofp\libc.a(lib_a-locale.o)
                0x0800716c                __locale_mb_cur_max
 .text._lseek_r
                0x08007178       0x2c d:/study_stm32/environment/gcc-arm-none-eabi-9-2019-q4-major-win32 (1)/bin/../lib/gcc/arm-none-eabi/9.2.1/../../../../arm-none-eabi/lib/thumb/v7e-m/nofp\libc.a(lib_a-lseekr.o)
                0x08007178                _lseek_r
 .text.__ascii_mbtowc
                0x080071a4       0x2c d:/study_stm32/environment/gcc-arm-none-eabi-9-2019-q4-major-win32 (1)/bin/../lib/gcc/arm-none-eabi/9.2.1/../../../../arm-none-eabi/lib/thumb/v7e-m/nofp\libc.a(lib_a-mbtowc_r.o)
                0x080071a4                __ascii_mbtowc
 .text.memmove  0x080071d0       0xd8 d:/study_stm32/environment/gcc-arm-none-eabi-9-2019-q4-major-win32 (1)/bin/../lib/gcc/arm-none-eabi/9.2.1/../../../../arm-none-eabi/lib/thumb/v7e-m/nofp\libc.a(lib_a-memmove.o)
                0x080071d0                memmove
 .text._read_r  0x080072a8       0x2c d:/study_stm32/environment/gcc-arm-none-eabi-9-2019-q4-major-win32 (1)/bin/../lib/gcc/arm-none-eabi/9.2.1/../../../../arm-none-eabi/lib/thumb/v7e-m/nofp\libc.a(lib_a-readr.o)
                0x080072a8                _read_r
 .text._realloc_r
                0x080072d4      0x3e0 d:/study_stm32/environment/gcc-arm-none-eabi-9-2019-q4-major-win32 (1)/bin/../lib/gcc/arm-none-eabi/9.2.1/../../../../arm-none-eabi/lib/thumb/v7e-m/nofp\libc.a(lib_a-reallocr.o)
                0x080072d4                _realloc_r
 .text.__swbuf_r
                0x080076b4       0xb0 d:/study_stm32/environment/gcc-arm-none-eabi-9-2019-q4-major-win32 (1)/bin/../lib/gcc/arm-none-eabi/9.2.1/../../../../arm-none-eabi/lib/thumb/v7e-m/nofp\libc.a(lib_a-wbuf.o)
                0x080076b4                __swbuf_r
 .text._wcrtomb_r
                0x08007764       0x3c d:/study_stm32/environment/gcc-arm-none-eabi-9-2019-q4-major-win32 (1)/bin/../lib/gcc/arm-none-eabi/9.2.1/../../../../arm-none-eabi/lib/thumb/v7e-m/nofp\libc.a(lib_a-wcrtomb.o)
                0x08007764                _wcrtomb_r
 .text.__ascii_wctomb
                0x080077a0       0x1c d:/study_stm32/environment/gcc-arm-none-eabi-9-2019-q4-major-win32 (1)/bin/../lib/gcc/arm-none-eabi/9.2.1/../../../../arm-none-eabi/lib/thumb/v7e-m/nofp\libc.a(lib_a-wctomb_r.o)
                0x080077a0                __ascii_wctomb
 *(.glue_7)
 .glue_7        0x080077bc        0x0 linker stubs
 *(.glue_7t)
 .glue_7t       0x080077bc        0x0 linker stubs
 *(.eh_frame)
 .eh_frame      0x080077bc        0x0 d:/study_stm32/environment/gcc-arm-none-eabi-9-2019-q4-major-win32 (1)/bin/../lib/gcc/arm-none-eabi/9.2.1/thumb/v7e-m/nofp/crtbegin.o
 *(.init)
 .init          0x080077bc        0x4 d:/study_stm32/environment/gcc-arm-none-eabi-9-2019-q4-major-win32 (1)/bin/../lib/gcc/arm-none-eabi/9.2.1/thumb/v7e-m/nofp/crti.o
                0x080077bc                _init
 .init          0x080077c0        0x8 d:/study_stm32/environment/gcc-arm-none-eabi-9-2019-q4-major-win32 (1)/bin/../lib/gcc/arm-none-eabi/9.2.1/thumb/v7e-m/nofp/crtn.o
 *(.fini)
 .fini          0x080077c8        0x4 d:/study_stm32/environment/gcc-arm-none-eabi-9-2019-q4-major-win32 (1)/bin/../lib/gcc/arm-none-eabi/9.2.1/thumb/v7e-m/nofp/crti.o
                0x080077c8                _fini
 .fini          0x080077cc        0x8 d:/study_stm32/environment/gcc-arm-none-eabi-9-2019-q4-major-win32 (1)/bin/../lib/gcc/arm-none-eabi/9.2.1/thumb/v7e-m/nofp/crtn.o
                0x080077d4                . = ALIGN (0x4)
                0x080077d4                _etext = .

.vfp11_veneer   0x080077d4        0x0
 .vfp11_veneer  0x080077d4        0x0 linker stubs

.v4_bx          0x080077d4        0x0
 .v4_bx         0x080077d4        0x0 linker stubs

.iplt           0x080077d4        0x0
 .iplt          0x080077d4        0x0 d:/study_stm32/environment/gcc-arm-none-eabi-9-2019-q4-major-win32 (1)/bin/../lib/gcc/arm-none-eabi/9.2.1/thumb/v7e-m/nofp/crtbegin.o

.rodata         0x080077d8      0x2a8
                0x080077d8                . = ALIGN (0x4)
 *(.rodata)
 *(.rodata*)
 .rodata.main.str1.4
                0x080077d8        0x7 CMakeFiles/deme7.elf.dir/Core/Src/main.c.obj
 *fill*         0x080077df        0x1 
 .rodata.AHBPrescTable
                0x080077e0       0x10 CMakeFiles/deme7.elf.dir/Core/Src/system_stm32f4xx.c.obj
                0x080077e0                AHBPrescTable
 .rodata.APBPrescTable
                0x080077f0        0x8 CMakeFiles/deme7.elf.dir/Core/Src/system_stm32f4xx.c.obj
                0x080077f0                APBPrescTable
 .rodata._global_impure_ptr
                0x080077f8        0x4 d:/study_stm32/environment/gcc-arm-none-eabi-9-2019-q4-major-win32 (1)/bin/../lib/gcc/arm-none-eabi/9.2.1/../../../../arm-none-eabi/lib/thumb/v7e-m/nofp\libc.a(lib_a-impure.o)
                0x080077f8                _global_impure_ptr
 .rodata._vfprintf_r.str1.4
                0x080077fc       0x42 d:/study_stm32/environment/gcc-arm-none-eabi-9-2019-q4-major-win32 (1)/bin/../lib/gcc/arm-none-eabi/9.2.1/../../../../arm-none-eabi/lib/thumb/v7e-m/nofp\libc.a(lib_a-vfprintf.o)
 *fill*         0x0800783e        0x2 
 .rodata.blanks.7360
                0x08007840       0x10 d:/study_stm32/environment/gcc-arm-none-eabi-9-2019-q4-major-win32 (1)/bin/../lib/gcc/arm-none-eabi/9.2.1/../../../../arm-none-eabi/lib/thumb/v7e-m/nofp\libc.a(lib_a-vfprintf.o)
 .rodata.zeroes.7361
                0x08007850       0x10 d:/study_stm32/environment/gcc-arm-none-eabi-9-2019-q4-major-win32 (1)/bin/../lib/gcc/arm-none-eabi/9.2.1/../../../../arm-none-eabi/lib/thumb/v7e-m/nofp\libc.a(lib_a-vfprintf.o)
 .rodata._dtoa_r.str1.4
                0x08007860        0xd d:/study_stm32/environment/gcc-arm-none-eabi-9-2019-q4-major-win32 (1)/bin/../lib/gcc/arm-none-eabi/9.2.1/../../../../arm-none-eabi/lib/thumb/v7e-m/nofp\libc.a(lib_a-dtoa.o)
                                 0x12 (size before relaxing)
 *fill*         0x0800786d        0x3 
 .rodata.__mprec_bigtens
                0x08007870       0x28 d:/study_stm32/environment/gcc-arm-none-eabi-9-2019-q4-major-win32 (1)/bin/../lib/gcc/arm-none-eabi/9.2.1/../../../../arm-none-eabi/lib/thumb/v7e-m/nofp\libc.a(lib_a-mprec.o)
                0x08007870                __mprec_bigtens
 .rodata.__mprec_tens
                0x08007898       0xc8 d:/study_stm32/environment/gcc-arm-none-eabi-9-2019-q4-major-win32 (1)/bin/../lib/gcc/arm-none-eabi/9.2.1/../../../../arm-none-eabi/lib/thumb/v7e-m/nofp\libc.a(lib_a-mprec.o)
                0x08007898                __mprec_tens
 .rodata.p05.6115
                0x08007960        0xc d:/study_stm32/environment/gcc-arm-none-eabi-9-2019-q4-major-win32 (1)/bin/../lib/gcc/arm-none-eabi/9.2.1/../../../../arm-none-eabi/lib/thumb/v7e-m/nofp\libc.a(lib_a-mprec.o)
 .rodata._setlocale_r.str1.4
                0x0800796c        0xa d:/study_stm32/environment/gcc-arm-none-eabi-9-2019-q4-major-win32 (1)/bin/../lib/gcc/arm-none-eabi/9.2.1/../../../../arm-none-eabi/lib/thumb/v7e-m/nofp\libc.a(lib_a-locale.o)
                                  0xd (size before relaxing)
 *fill*         0x08007976        0x2 
 .rodata.str1.4
                0x08007978        0x2 d:/study_stm32/environment/gcc-arm-none-eabi-9-2019-q4-major-win32 (1)/bin/../lib/gcc/arm-none-eabi/9.2.1/../../../../arm-none-eabi/lib/thumb/v7e-m/nofp\libc.a(lib_a-locale.o)
 *fill*         0x0800797a        0x2 
 .rodata._ctype_
                0x0800797c      0x101 d:/study_stm32/environment/gcc-arm-none-eabi-9-2019-q4-major-win32 (1)/bin/../lib/gcc/arm-none-eabi/9.2.1/../../../../arm-none-eabi/lib/thumb/v7e-m/nofp\libc.a(lib_a-ctype_.o)
                0x0800797c                _ctype_
                0x08007a80                . = ALIGN (0x4)
 *fill*         0x08007a7d        0x3 

.ARM.extab
 *(.ARM.extab* .gnu.linkonce.armextab.*)

.ARM            0x08007a80        0x8
                0x08007a80                __exidx_start = .
 *(.ARM.exidx*)
 .ARM.exidx     0x08007a80        0x8 d:/study_stm32/environment/gcc-arm-none-eabi-9-2019-q4-major-win32 (1)/bin/../lib/gcc/arm-none-eabi/9.2.1/thumb/v7e-m/nofp\libgcc.a(_udivmoddi4.o)
                0x08007a88                __exidx_end = .

.rel.dyn        0x08007a88        0x0
 .rel.iplt      0x08007a88        0x0 d:/study_stm32/environment/gcc-arm-none-eabi-9-2019-q4-major-win32 (1)/bin/../lib/gcc/arm-none-eabi/9.2.1/thumb/v7e-m/nofp/crtbegin.o

.preinit_array  0x08007a88        0x0
                0x08007a88                PROVIDE (__preinit_array_start = .)
 *(.preinit_array*)
                0x08007a88                PROVIDE (__preinit_array_end = .)

.init_array     0x08007a88        0x8
                0x08007a88                PROVIDE (__init_array_start = .)
 *(SORT_BY_NAME(.init_array.*))
 .init_array.00000
                0x08007a88        0x4 d:/study_stm32/environment/gcc-arm-none-eabi-9-2019-q4-major-win32 (1)/bin/../lib/gcc/arm-none-eabi/9.2.1/../../../../arm-none-eabi/lib/thumb/v7e-m/nofp\libc.a(lib_a-__call_atexit.o)
 *(.init_array*)
 .init_array    0x08007a8c        0x4 d:/study_stm32/environment/gcc-arm-none-eabi-9-2019-q4-major-win32 (1)/bin/../lib/gcc/arm-none-eabi/9.2.1/thumb/v7e-m/nofp/crtbegin.o
                0x08007a90                PROVIDE (__init_array_end = .)

.fini_array     0x08007a90        0x4
                0x08007a90                PROVIDE (__fini_array_start = .)
 *(SORT_BY_NAME(.fini_array.*))
 *(.fini_array*)
 .fini_array    0x08007a90        0x4 d:/study_stm32/environment/gcc-arm-none-eabi-9-2019-q4-major-win32 (1)/bin/../lib/gcc/arm-none-eabi/9.2.1/thumb/v7e-m/nofp/crtbegin.o
                0x08007a94                PROVIDE (__fini_array_end = .)
                0x08007a94                _sidata = LOADADDR (.data)

.data           0x20000000      0x9b8 load address 0x08007a94
                0x20000000                . = ALIGN (0x4)
                0x20000000                _sdata = .
 *(.data)
 *(.data*)
 .data.SystemCoreClock
                0x20000000        0x4 CMakeFiles/deme7.elf.dir/Core/Src/system_stm32f4xx.c.obj
                0x20000000                SystemCoreClock
 .data.uwTickFreq
                0x20000004        0x1 CMakeFiles/deme7.elf.dir/Drivers/STM32F4xx_HAL_Driver/Src/stm32f4xx_hal.c.obj
                0x20000004                uwTickFreq
 *fill*         0x20000005        0x3 
 .data.uwTickPrio
                0x20000008        0x4 CMakeFiles/deme7.elf.dir/Drivers/STM32F4xx_HAL_Driver/Src/stm32f4xx_hal.c.obj
                0x20000008                uwTickPrio
 .data._impure_ptr
                0x2000000c        0x4 d:/study_stm32/environment/gcc-arm-none-eabi-9-2019-q4-major-win32 (1)/bin/../lib/gcc/arm-none-eabi/9.2.1/../../../../arm-none-eabi/lib/thumb/v7e-m/nofp\libc.a(lib_a-impure.o)
                0x2000000c                _impure_ptr
 .data.impure_data
                0x20000010      0x428 d:/study_stm32/environment/gcc-arm-none-eabi-9-2019-q4-major-win32 (1)/bin/../lib/gcc/arm-none-eabi/9.2.1/../../../../arm-none-eabi/lib/thumb/v7e-m/nofp\libc.a(lib_a-impure.o)
 .data.__atexit_recursive_mutex
                0x20000438        0x4 d:/study_stm32/environment/gcc-arm-none-eabi-9-2019-q4-major-win32 (1)/bin/../lib/gcc/arm-none-eabi/9.2.1/../../../../arm-none-eabi/lib/thumb/v7e-m/nofp\libc.a(lib_a-__call_atexit.o)
                0x20000438                __atexit_recursive_mutex
 .data.__malloc_av_
                0x2000043c      0x408 d:/study_stm32/environment/gcc-arm-none-eabi-9-2019-q4-major-win32 (1)/bin/../lib/gcc/arm-none-eabi/9.2.1/../../../../arm-none-eabi/lib/thumb/v7e-m/nofp\libc.a(lib_a-mallocr.o)
                0x2000043c                __malloc_av_
 .data.__malloc_sbrk_base
                0x20000844        0x4 d:/study_stm32/environment/gcc-arm-none-eabi-9-2019-q4-major-win32 (1)/bin/../lib/gcc/arm-none-eabi/9.2.1/../../../../arm-none-eabi/lib/thumb/v7e-m/nofp\libc.a(lib_a-mallocr.o)
                0x20000844                __malloc_sbrk_base
 .data.__malloc_trim_threshold
                0x20000848        0x4 d:/study_stm32/environment/gcc-arm-none-eabi-9-2019-q4-major-win32 (1)/bin/../lib/gcc/arm-none-eabi/9.2.1/../../../../arm-none-eabi/lib/thumb/v7e-m/nofp\libc.a(lib_a-mallocr.o)
                0x20000848                __malloc_trim_threshold
 .data.__global_locale
                0x2000084c      0x16c d:/study_stm32/environment/gcc-arm-none-eabi-9-2019-q4-major-win32 (1)/bin/../lib/gcc/arm-none-eabi/9.2.1/../../../../arm-none-eabi/lib/thumb/v7e-m/nofp\libc.a(lib_a-locale.o)
                0x2000084c                __global_locale
                0x200009b8                . = ALIGN (0x4)
                0x200009b8                _edata = .
                0x0800844c                _siccmram = LOADADDR (.ccmram)

.igot.plt       0x200009b8        0x0 load address 0x0800844c
 .igot.plt      0x200009b8        0x0 d:/study_stm32/environment/gcc-arm-none-eabi-9-2019-q4-major-win32 (1)/bin/../lib/gcc/arm-none-eabi/9.2.1/thumb/v7e-m/nofp/crtbegin.o

.ccmram         0x10000000        0x0 load address 0x0800844c
                0x10000000                . = ALIGN (0x4)
                0x10000000                _sccmram = .
 *(.ccmram)
 *(.ccmram*)
                0x10000000                . = ALIGN (0x4)
                0x10000000                _eccmram = .
                0x10000000                . = ALIGN (0x4)

.bss            0x200009b8      0x10c
                0x200009b8                _sbss = .
                0x200009b8                __bss_start__ = _sbss
 *(.bss)
 .bss           0x200009b8       0x1c d:/study_stm32/environment/gcc-arm-none-eabi-9-2019-q4-major-win32 (1)/bin/../lib/gcc/arm-none-eabi/9.2.1/thumb/v7e-m/nofp/crtbegin.o
 *(.bss*)
 .bss.heap_end.6023
                0x200009d4        0x4 CMakeFiles/deme7.elf.dir/Core/Src/syscalls.c.obj
 .bss.htim7     0x200009d8       0x48 CMakeFiles/deme7.elf.dir/Core/Src/tim.c.obj
                0x200009d8                htim7
 .bss.huart1    0x20000a20       0x44 CMakeFiles/deme7.elf.dir/Core/Src/usart.c.obj
                0x20000a20                huart1
 .bss.uwTick    0x20000a64        0x4 CMakeFiles/deme7.elf.dir/Drivers/STM32F4xx_HAL_Driver/Src/stm32f4xx_hal.c.obj
                0x20000a64                uwTick
 .bss.__malloc_current_mallinfo
                0x20000a68       0x28 d:/study_stm32/environment/gcc-arm-none-eabi-9-2019-q4-major-win32 (1)/bin/../lib/gcc/arm-none-eabi/9.2.1/../../../../arm-none-eabi/lib/thumb/v7e-m/nofp\libc.a(lib_a-mallocr.o)
                0x20000a68                __malloc_current_mallinfo
 .bss.__malloc_max_sbrked_mem
                0x20000a90        0x4 d:/study_stm32/environment/gcc-arm-none-eabi-9-2019-q4-major-win32 (1)/bin/../lib/gcc/arm-none-eabi/9.2.1/../../../../arm-none-eabi/lib/thumb/v7e-m/nofp\libc.a(lib_a-mallocr.o)
                0x20000a90                __malloc_max_sbrked_mem
 .bss.__malloc_max_total_mem
                0x20000a94        0x4 d:/study_stm32/environment/gcc-arm-none-eabi-9-2019-q4-major-win32 (1)/bin/../lib/gcc/arm-none-eabi/9.2.1/../../../../arm-none-eabi/lib/thumb/v7e-m/nofp\libc.a(lib_a-mallocr.o)
                0x20000a94                __malloc_max_total_mem
 .bss.__malloc_top_pad
                0x20000a98        0x4 d:/study_stm32/environment/gcc-arm-none-eabi-9-2019-q4-major-win32 (1)/bin/../lib/gcc/arm-none-eabi/9.2.1/../../../../arm-none-eabi/lib/thumb/v7e-m/nofp\libc.a(lib_a-mallocr.o)
                0x20000a98                __malloc_top_pad
 *(COMMON)
 COMMON         0x20000a9c       0x21 d:/study_stm32/environment/gcc-arm-none-eabi-9-2019-q4-major-win32 (1)/bin/../lib/gcc/arm-none-eabi/9.2.1/../../../../arm-none-eabi/lib/thumb/v7e-m/nofp\libc.a(lib_a-lock.o)
                0x20000a9c                __lock___atexit_recursive_mutex
                0x20000aa0                __lock___arc4random_mutex
                0x20000aa4                __lock___env_recursive_mutex
                0x20000aa8                __lock___sinit_recursive_mutex
                0x20000aac                __lock___malloc_recursive_mutex
                0x20000ab0                __lock___at_quick_exit_mutex
                0x20000ab4                __lock___dd_hash_mutex
                0x20000ab8                __lock___tz_mutex
                0x20000abc                __lock___sfp_recursive_mutex
 *fill*         0x20000abd        0x3 
 COMMON         0x20000ac0        0x4 d:/study_stm32/environment/gcc-arm-none-eabi-9-2019-q4-major-win32 (1)/bin/../lib/gcc/arm-none-eabi/9.2.1/../../../../arm-none-eabi/lib/thumb/v7e-m/nofp\libc.a(lib_a-reent.o)
                0x20000ac0                errno
                0x20000ac4                . = ALIGN (0x4)
                0x20000ac4                _ebss = .
                0x20000ac4                __bss_end__ = _ebss

._user_heap_stack
                0x20000ac4      0x604
                0x20000ac8                . = ALIGN (0x8)
 *fill*         0x20000ac4        0x4 
                0x20000ac8                PROVIDE (end = .)
                [!provide]                PROVIDE (_end = .)
                0x20000cc8                . = (. + _Min_Heap_Size)
 *fill*         0x20000ac8      0x200 
                0x200010c8                . = (. + _Min_Stack_Size)
 *fill*         0x20000cc8      0x400 
                0x200010c8                . = ALIGN (0x8)

/DISCARD/
 libc.a(*)
 libm.a(*)
 libgcc.a(*)

.ARM.attributes
                0x00000000       0x2a
 *(.ARM.attributes)
 .ARM.attributes
                0x00000000       0x1e d:/study_stm32/environment/gcc-arm-none-eabi-9-2019-q4-major-win32 (1)/bin/../lib/gcc/arm-none-eabi/9.2.1/thumb/v7e-m/nofp/crti.o
 .ARM.attributes
                0x0000001e       0x2e d:/study_stm32/environment/gcc-arm-none-eabi-9-2019-q4-major-win32 (1)/bin/../lib/gcc/arm-none-eabi/9.2.1/thumb/v7e-m/nofp/crtbegin.o
 .ARM.attributes
                0x0000004c       0x2e CMakeFiles/deme7.elf.dir/Core/Src/gpio.c.obj
 .ARM.attributes
                0x0000007a       0x2e CMakeFiles/deme7.elf.dir/Core/Src/main.c.obj
 .ARM.attributes
                0x000000a8       0x2e CMakeFiles/deme7.elf.dir/Core/Src/stm32f4xx_hal_msp.c.obj
 .ARM.attributes
                0x000000d6       0x2e CMakeFiles/deme7.elf.dir/Core/Src/stm32f4xx_it.c.obj
 .ARM.attributes
                0x00000104       0x2e CMakeFiles/deme7.elf.dir/Core/Src/syscalls.c.obj
 .ARM.attributes
                0x00000132       0x2e CMakeFiles/deme7.elf.dir/Core/Src/system_stm32f4xx.c.obj
 .ARM.attributes
                0x00000160       0x2e CMakeFiles/deme7.elf.dir/Core/Src/tim.c.obj
 .ARM.attributes
                0x0000018e       0x2e CMakeFiles/deme7.elf.dir/Core/Src/usart.c.obj
 .ARM.attributes
                0x000001bc       0x2e CMakeFiles/deme7.elf.dir/Drivers/STM32F4xx_HAL_Driver/Src/stm32f4xx_hal.c.obj
 .ARM.attributes
                0x000001ea       0x2e CMakeFiles/deme7.elf.dir/Drivers/STM32F4xx_HAL_Driver/Src/stm32f4xx_hal_cortex.c.obj
 .ARM.attributes
                0x00000218       0x2e CMakeFiles/deme7.elf.dir/Drivers/STM32F4xx_HAL_Driver/Src/stm32f4xx_hal_dma.c.obj
 .ARM.attributes
                0x00000246       0x2e CMakeFiles/deme7.elf.dir/Drivers/STM32F4xx_HAL_Driver/Src/stm32f4xx_hal_gpio.c.obj
 .ARM.attributes
                0x00000274       0x2e CMakeFiles/deme7.elf.dir/Drivers/STM32F4xx_HAL_Driver/Src/stm32f4xx_hal_rcc.c.obj
 .ARM.attributes
                0x000002a2       0x2e CMakeFiles/deme7.elf.dir/Drivers/STM32F4xx_HAL_Driver/Src/stm32f4xx_hal_tim.c.obj
 .ARM.attributes
                0x000002d0       0x2e CMakeFiles/deme7.elf.dir/Drivers/STM32F4xx_HAL_Driver/Src/stm32f4xx_hal_tim_ex.c.obj
 .ARM.attributes
                0x000002fe       0x2e CMakeFiles/deme7.elf.dir/Drivers/STM32F4xx_HAL_Driver/Src/stm32f4xx_hal_uart.c.obj
 .ARM.attributes
                0x0000032c       0x21 CMakeFiles/deme7.elf.dir/startup/startup_stm32f407xx.s.obj
 .ARM.attributes
                0x0000034d       0x1e d:/study_stm32/environment/gcc-arm-none-eabi-9-2019-q4-major-win32 (1)/bin/../lib/gcc/arm-none-eabi/9.2.1/thumb/v7e-m/nofp\libgcc.a(_aeabi_uldivmod.o)
 .ARM.attributes
                0x0000036b       0x2e d:/study_stm32/environment/gcc-arm-none-eabi-9-2019-q4-major-win32 (1)/bin/../lib/gcc/arm-none-eabi/9.2.1/thumb/v7e-m/nofp\libgcc.a(_udivmoddi4.o)
 .ARM.attributes
                0x00000399       0x1e d:/study_stm32/environment/gcc-arm-none-eabi-9-2019-q4-major-win32 (1)/bin/../lib/gcc/arm-none-eabi/9.2.1/thumb/v7e-m/nofp\libgcc.a(_dvmd_tls.o)
 .ARM.attributes
                0x000003b7       0x2e d:/study_stm32/environment/gcc-arm-none-eabi-9-2019-q4-major-win32 (1)/bin/../lib/gcc/arm-none-eabi/9.2.1/../../../../arm-none-eabi/lib/thumb/v7e-m/nofp\libc.a(lib_a-errno.o)
 .ARM.attributes
                0x000003e5       0x2e d:/study_stm32/environment/gcc-arm-none-eabi-9-2019-q4-major-win32 (1)/bin/../lib/gcc/arm-none-eabi/9.2.1/../../../../arm-none-eabi/lib/thumb/v7e-m/nofp\libc.a(lib_a-impure.o)
 .ARM.attributes
                0x00000413       0x2e d:/study_stm32/environment/gcc-arm-none-eabi-9-2019-q4-major-win32 (1)/bin/../lib/gcc/arm-none-eabi/9.2.1/../../../../arm-none-eabi/lib/thumb/v7e-m/nofp\libc.a(lib_a-init.o)
 .ARM.attributes
                0x00000441       0x2e d:/study_stm32/environment/gcc-arm-none-eabi-9-2019-q4-major-win32 (1)/bin/../lib/gcc/arm-none-eabi/9.2.1/../../../../arm-none-eabi/lib/thumb/v7e-m/nofp\libc.a(lib_a-memset.o)
 .ARM.attributes
                0x0000046f       0x2e d:/study_stm32/environment/gcc-arm-none-eabi-9-2019-q4-major-win32 (1)/bin/../lib/gcc/arm-none-eabi/9.2.1/../../../../arm-none-eabi/lib/thumb/v7e-m/nofp\libc.a(lib_a-printf.o)
 .ARM.attributes
                0x0000049d       0x2e d:/study_stm32/environment/gcc-arm-none-eabi-9-2019-q4-major-win32 (1)/bin/../lib/gcc/arm-none-eabi/9.2.1/../../../../arm-none-eabi/lib/thumb/v7e-m/nofp\libc.a(lib_a-vfprintf.o)
 .ARM.attributes
                0x000004cb       0x2e d:/study_stm32/environment/gcc-arm-none-eabi-9-2019-q4-major-win32 (1)/bin/../lib/gcc/arm-none-eabi/9.2.1/../../../../arm-none-eabi/lib/thumb/v7e-m/nofp\libc.a(lib_a-wsetup.o)
 .ARM.attributes
                0x000004f9       0x2e d:/study_stm32/environment/gcc-arm-none-eabi-9-2019-q4-major-win32 (1)/bin/../lib/gcc/arm-none-eabi/9.2.1/../../../../arm-none-eabi/lib/thumb/v7e-m/nofp\libc.a(lib_a-__call_atexit.o)
 .ARM.attributes
                0x00000527       0x2e d:/study_stm32/environment/gcc-arm-none-eabi-9-2019-q4-major-win32 (1)/bin/../lib/gcc/arm-none-eabi/9.2.1/../../../../arm-none-eabi/lib/thumb/v7e-m/nofp\libc.a(lib_a-atexit.o)
 .ARM.attributes
                0x00000555       0x2e d:/study_stm32/environment/gcc-arm-none-eabi-9-2019-q4-major-win32 (1)/bin/../lib/gcc/arm-none-eabi/9.2.1/../../../../arm-none-eabi/lib/thumb/v7e-m/nofp\libc.a(lib_a-dtoa.o)
 .ARM.attributes
                0x00000583       0x2e d:/study_stm32/environment/gcc-arm-none-eabi-9-2019-q4-major-win32 (1)/bin/../lib/gcc/arm-none-eabi/9.2.1/../../../../arm-none-eabi/lib/thumb/v7e-m/nofp\libc.a(lib_a-fflush.o)
 .ARM.attributes
                0x000005b1       0x2e d:/study_stm32/environment/gcc-arm-none-eabi-9-2019-q4-major-win32 (1)/bin/../lib/gcc/arm-none-eabi/9.2.1/../../../../arm-none-eabi/lib/thumb/v7e-m/nofp\libc.a(lib_a-findfp.o)
 .ARM.attributes
                0x000005df       0x2e d:/study_stm32/environment/gcc-arm-none-eabi-9-2019-q4-major-win32 (1)/bin/../lib/gcc/arm-none-eabi/9.2.1/../../../../arm-none-eabi/lib/thumb/v7e-m/nofp\libc.a(lib_a-fini.o)
 .ARM.attributes
                0x0000060d       0x2e d:/study_stm32/environment/gcc-arm-none-eabi-9-2019-q4-major-win32 (1)/bin/../lib/gcc/arm-none-eabi/9.2.1/../../../../arm-none-eabi/lib/thumb/v7e-m/nofp\libc.a(lib_a-freer.o)
 .ARM.attributes
                0x0000063b       0x2e d:/study_stm32/environment/gcc-arm-none-eabi-9-2019-q4-major-win32 (1)/bin/../lib/gcc/arm-none-eabi/9.2.1/../../../../arm-none-eabi/lib/thumb/v7e-m/nofp\libc.a(lib_a-fwalk.o)
 .ARM.attributes
                0x00000669       0x2e d:/study_stm32/environment/gcc-arm-none-eabi-9-2019-q4-major-win32 (1)/bin/../lib/gcc/arm-none-eabi/9.2.1/../../../../arm-none-eabi/lib/thumb/v7e-m/nofp\libc.a(lib_a-localeconv.o)
 .ARM.attributes
                0x00000697       0x2e d:/study_stm32/environment/gcc-arm-none-eabi-9-2019-q4-major-win32 (1)/bin/../lib/gcc/arm-none-eabi/9.2.1/../../../../arm-none-eabi/lib/thumb/v7e-m/nofp\libc.a(lib_a-lock.o)
 .ARM.attributes
                0x000006c5       0x2e d:/study_stm32/environment/gcc-arm-none-eabi-9-2019-q4-major-win32 (1)/bin/../lib/gcc/arm-none-eabi/9.2.1/../../../../arm-none-eabi/lib/thumb/v7e-m/nofp\libc.a(lib_a-makebuf.o)
 .ARM.attributes
                0x000006f3       0x2e d:/study_stm32/environment/gcc-arm-none-eabi-9-2019-q4-major-win32 (1)/bin/../lib/gcc/arm-none-eabi/9.2.1/../../../../arm-none-eabi/lib/thumb/v7e-m/nofp\libc.a(lib_a-mallocr.o)
 .ARM.attributes
                0x00000721       0x1c d:/study_stm32/environment/gcc-arm-none-eabi-9-2019-q4-major-win32 (1)/bin/../lib/gcc/arm-none-eabi/9.2.1/../../../../arm-none-eabi/lib/thumb/v7e-m/nofp\libc.a(lib_a-memchr.o)
 .ARM.attributes
                0x0000073d       0x1c d:/study_stm32/environment/gcc-arm-none-eabi-9-2019-q4-major-win32 (1)/bin/../lib/gcc/arm-none-eabi/9.2.1/../../../../arm-none-eabi/lib/thumb/v7e-m/nofp\libc.a(lib_a-memcpy.o)
 .ARM.attributes
                0x00000759       0x2e d:/study_stm32/environment/gcc-arm-none-eabi-9-2019-q4-major-win32 (1)/bin/../lib/gcc/arm-none-eabi/9.2.1/../../../../arm-none-eabi/lib/thumb/v7e-m/nofp\libc.a(lib_a-mlock.o)
 .ARM.attributes
                0x00000787       0x2e d:/study_stm32/environment/gcc-arm-none-eabi-9-2019-q4-major-win32 (1)/bin/../lib/gcc/arm-none-eabi/9.2.1/../../../../arm-none-eabi/lib/thumb/v7e-m/nofp\libc.a(lib_a-mprec.o)
 .ARM.attributes
                0x000007b5       0x2e d:/study_stm32/environment/gcc-arm-none-eabi-9-2019-q4-major-win32 (1)/bin/../lib/gcc/arm-none-eabi/9.2.1/../../../../arm-none-eabi/lib/thumb/v7e-m/nofp\libc.a(lib_a-s_frexp.o)
 .ARM.attributes
                0x000007e3       0x2e d:/study_stm32/environment/gcc-arm-none-eabi-9-2019-q4-major-win32 (1)/bin/../lib/gcc/arm-none-eabi/9.2.1/../../../../arm-none-eabi/lib/thumb/v7e-m/nofp\libc.a(lib_a-sbrkr.o)
 .ARM.attributes
                0x00000811       0x2e d:/study_stm32/environment/gcc-arm-none-eabi-9-2019-q4-major-win32 (1)/bin/../lib/gcc/arm-none-eabi/9.2.1/../../../../arm-none-eabi/lib/thumb/v7e-m/nofp\libc.a(lib_a-stdio.o)
 .ARM.attributes
                0x0000083f       0x1c d:/study_stm32/environment/gcc-arm-none-eabi-9-2019-q4-major-win32 (1)/bin/../lib/gcc/arm-none-eabi/9.2.1/../../../../arm-none-eabi/lib/thumb/v7e-m/nofp\libc.a(lib_a-strlen.o)
 .ARM.attributes
                0x0000085b       0x2e d:/study_stm32/environment/gcc-arm-none-eabi-9-2019-q4-major-win32 (1)/bin/../lib/gcc/arm-none-eabi/9.2.1/../../../../arm-none-eabi/lib/thumb/v7e-m/nofp\libc.a(lib_a-strncpy.o)
 .ARM.attributes
                0x00000889       0x2e d:/study_stm32/environment/gcc-arm-none-eabi-9-2019-q4-major-win32 (1)/bin/../lib/gcc/arm-none-eabi/9.2.1/../../../../arm-none-eabi/lib/thumb/v7e-m/nofp\libc.a(lib_a-vfiprintf.o)
 .ARM.attributes
                0x000008b7       0x2e d:/study_stm32/environment/gcc-arm-none-eabi-9-2019-q4-major-win32 (1)/bin/../lib/gcc/arm-none-eabi/9.2.1/../../../../arm-none-eabi/lib/thumb/v7e-m/nofp\libc.a(lib_a-writer.o)
 .ARM.attributes
                0x000008e5       0x2e d:/study_stm32/environment/gcc-arm-none-eabi-9-2019-q4-major-win32 (1)/bin/../lib/gcc/arm-none-eabi/9.2.1/../../../../arm-none-eabi/lib/thumb/v7e-m/nofp\libc.a(lib_a-__atexit.o)
 .ARM.attributes
                0x00000913       0x2e d:/study_stm32/environment/gcc-arm-none-eabi-9-2019-q4-major-win32 (1)/bin/../lib/gcc/arm-none-eabi/9.2.1/../../../../arm-none-eabi/lib/thumb/v7e-m/nofp\libc.a(lib_a-callocr.o)
 .ARM.attributes
                0x00000941       0x2e d:/study_stm32/environment/gcc-arm-none-eabi-9-2019-q4-major-win32 (1)/bin/../lib/gcc/arm-none-eabi/9.2.1/../../../../arm-none-eabi/lib/thumb/v7e-m/nofp\libc.a(lib_a-closer.o)
 .ARM.attributes
                0x0000096f       0x2e d:/study_stm32/environment/gcc-arm-none-eabi-9-2019-q4-major-win32 (1)/bin/../lib/gcc/arm-none-eabi/9.2.1/../../../../arm-none-eabi/lib/thumb/v7e-m/nofp\libc.a(lib_a-fclose.o)
 .ARM.attributes
                0x0000099d       0x2e d:/study_stm32/environment/gcc-arm-none-eabi-9-2019-q4-major-win32 (1)/bin/../lib/gcc/arm-none-eabi/9.2.1/../../../../arm-none-eabi/lib/thumb/v7e-m/nofp\libc.a(lib_a-fputwc.o)
 .ARM.attributes
                0x000009cb       0x2e d:/study_stm32/environment/gcc-arm-none-eabi-9-2019-q4-major-win32 (1)/bin/../lib/gcc/arm-none-eabi/9.2.1/../../../../arm-none-eabi/lib/thumb/v7e-m/nofp\libc.a(lib_a-fstatr.o)
 .ARM.attributes
                0x000009f9       0x2e d:/study_stm32/environment/gcc-arm-none-eabi-9-2019-q4-major-win32 (1)/bin/../lib/gcc/arm-none-eabi/9.2.1/../../../../arm-none-eabi/lib/thumb/v7e-m/nofp\libc.a(lib_a-fvwrite.o)
 .ARM.attributes
                0x00000a27       0x2e d:/study_stm32/environment/gcc-arm-none-eabi-9-2019-q4-major-win32 (1)/bin/../lib/gcc/arm-none-eabi/9.2.1/../../../../arm-none-eabi/lib/thumb/v7e-m/nofp\libc.a(lib_a-isattyr.o)
 .ARM.attributes
                0x00000a55       0x2e d:/study_stm32/environment/gcc-arm-none-eabi-9-2019-q4-major-win32 (1)/bin/../lib/gcc/arm-none-eabi/9.2.1/../../../../arm-none-eabi/lib/thumb/v7e-m/nofp\libc.a(lib_a-locale.o)
 .ARM.attributes
                0x00000a83       0x2e d:/study_stm32/environment/gcc-arm-none-eabi-9-2019-q4-major-win32 (1)/bin/../lib/gcc/arm-none-eabi/9.2.1/../../../../arm-none-eabi/lib/thumb/v7e-m/nofp\libc.a(lib_a-lseekr.o)
 .ARM.attributes
                0x00000ab1       0x2e d:/study_stm32/environment/gcc-arm-none-eabi-9-2019-q4-major-win32 (1)/bin/../lib/gcc/arm-none-eabi/9.2.1/../../../../arm-none-eabi/lib/thumb/v7e-m/nofp\libc.a(lib_a-mbtowc_r.o)
 .ARM.attributes
                0x00000adf       0x2e d:/study_stm32/environment/gcc-arm-none-eabi-9-2019-q4-major-win32 (1)/bin/../lib/gcc/arm-none-eabi/9.2.1/../../../../arm-none-eabi/lib/thumb/v7e-m/nofp\libc.a(lib_a-memmove.o)
 .ARM.attributes
                0x00000b0d       0x2e d:/study_stm32/environment/gcc-arm-none-eabi-9-2019-q4-major-win32 (1)/bin/../lib/gcc/arm-none-eabi/9.2.1/../../../../arm-none-eabi/lib/thumb/v7e-m/nofp\libc.a(lib_a-readr.o)
 .ARM.attributes
                0x00000b3b       0x2e d:/study_stm32/environment/gcc-arm-none-eabi-9-2019-q4-major-win32 (1)/bin/../lib/gcc/arm-none-eabi/9.2.1/../../../../arm-none-eabi/lib/thumb/v7e-m/nofp\libc.a(lib_a-reallocr.o)
 .ARM.attributes
                0x00000b69       0x2e d:/study_stm32/environment/gcc-arm-none-eabi-9-2019-q4-major-win32 (1)/bin/../lib/gcc/arm-none-eabi/9.2.1/../../../../arm-none-eabi/lib/thumb/v7e-m/nofp\libc.a(lib_a-reent.o)
 .ARM.attributes
                0x00000b97       0x2e d:/study_stm32/environment/gcc-arm-none-eabi-9-2019-q4-major-win32 (1)/bin/../lib/gcc/arm-none-eabi/9.2.1/../../../../arm-none-eabi/lib/thumb/v7e-m/nofp\libc.a(lib_a-wbuf.o)
 .ARM.attributes
                0x00000bc5       0x2e d:/study_stm32/environment/gcc-arm-none-eabi-9-2019-q4-major-win32 (1)/bin/../lib/gcc/arm-none-eabi/9.2.1/../../../../arm-none-eabi/lib/thumb/v7e-m/nofp\libc.a(lib_a-wcrtomb.o)
 .ARM.attributes
                0x00000bf3       0x2e d:/study_stm32/environment/gcc-arm-none-eabi-9-2019-q4-major-win32 (1)/bin/../lib/gcc/arm-none-eabi/9.2.1/../../../../arm-none-eabi/lib/thumb/v7e-m/nofp\libc.a(lib_a-wctomb_r.o)
 .ARM.attributes
                0x00000c21       0x2e d:/study_stm32/environment/gcc-arm-none-eabi-9-2019-q4-major-win32 (1)/bin/../lib/gcc/arm-none-eabi/9.2.1/../../../../arm-none-eabi/lib/thumb/v7e-m/nofp\libc.a(lib_a-ctype_.o)
 .ARM.attributes
                0x00000c4f       0x1e d:/study_stm32/environment/gcc-arm-none-eabi-9-2019-q4-major-win32 (1)/bin/../lib/gcc/arm-none-eabi/9.2.1/thumb/v7e-m/nofp\libgcc.a(_arm_addsubdf3.o)
 .ARM.attributes
                0x00000c6d       0x1e d:/study_stm32/environment/gcc-arm-none-eabi-9-2019-q4-major-win32 (1)/bin/../lib/gcc/arm-none-eabi/9.2.1/thumb/v7e-m/nofp\libgcc.a(_arm_muldivdf3.o)
 .ARM.attributes
                0x00000c8b       0x1e d:/study_stm32/environment/gcc-arm-none-eabi-9-2019-q4-major-win32 (1)/bin/../lib/gcc/arm-none-eabi/9.2.1/thumb/v7e-m/nofp\libgcc.a(_arm_cmpdf2.o)
 .ARM.attributes
                0x00000ca9       0x1e d:/study_stm32/environment/gcc-arm-none-eabi-9-2019-q4-major-win32 (1)/bin/../lib/gcc/arm-none-eabi/9.2.1/thumb/v7e-m/nofp\libgcc.a(_arm_unorddf2.o)
 .ARM.attributes
                0x00000cc7       0x1e d:/study_stm32/environment/gcc-arm-none-eabi-9-2019-q4-major-win32 (1)/bin/../lib/gcc/arm-none-eabi/9.2.1/thumb/v7e-m/nofp\libgcc.a(_arm_fixdfsi.o)
 .ARM.attributes
                0x00000ce5       0x1e d:/study_stm32/environment/gcc-arm-none-eabi-9-2019-q4-major-win32 (1)/bin/../lib/gcc/arm-none-eabi/9.2.1/thumb/v7e-m/nofp/crtn.o
OUTPUT(deme7.elf elf32-littlearm)

.debug_info     0x00000000    0x15fc7
 .debug_info    0x00000000      0xde9 CMakeFiles/deme7.elf.dir/Core/Src/gpio.c.obj
 .debug_info    0x00000de9     0x185b CMakeFiles/deme7.elf.dir/Core/Src/main.c.obj
 .debug_info    0x00002644      0xc56 CMakeFiles/deme7.elf.dir/Core/Src/stm32f4xx_hal_msp.c.obj
 .debug_info    0x0000329a     0x135b CMakeFiles/deme7.elf.dir/Core/Src/stm32f4xx_it.c.obj
 .debug_info    0x000045f5     0x112a CMakeFiles/deme7.elf.dir/Core/Src/syscalls.c.obj
 .debug_info    0x0000571f      0x3fe CMakeFiles/deme7.elf.dir/Core/Src/system_stm32f4xx.c.obj
 .debug_info    0x00005b1d     0x15ae CMakeFiles/deme7.elf.dir/Core/Src/tim.c.obj
 .debug_info    0x000070cb     0x164f CMakeFiles/deme7.elf.dir/Core/Src/usart.c.obj
 .debug_info    0x0000871a      0xa79 CMakeFiles/deme7.elf.dir/Drivers/STM32F4xx_HAL_Driver/Src/stm32f4xx_hal.c.obj
 .debug_info    0x00009193     0x1154 CMakeFiles/deme7.elf.dir/Drivers/STM32F4xx_HAL_Driver/Src/stm32f4xx_hal_cortex.c.obj
 .debug_info    0x0000a2e7      0xbed CMakeFiles/deme7.elf.dir/Drivers/STM32F4xx_HAL_Driver/Src/stm32f4xx_hal_dma.c.obj
 .debug_info    0x0000aed4      0x884 CMakeFiles/deme7.elf.dir/Drivers/STM32F4xx_HAL_Driver/Src/stm32f4xx_hal_gpio.c.obj
 .debug_info    0x0000b758      0xb5d CMakeFiles/deme7.elf.dir/Drivers/STM32F4xx_HAL_Driver/Src/stm32f4xx_hal_rcc.c.obj
 .debug_info    0x0000c2b5     0x3e3c CMakeFiles/deme7.elf.dir/Drivers/STM32F4xx_HAL_Driver/Src/stm32f4xx_hal_tim.c.obj
 .debug_info    0x000100f1     0x1bc8 CMakeFiles/deme7.elf.dir/Drivers/STM32F4xx_HAL_Driver/Src/stm32f4xx_hal_tim_ex.c.obj
 .debug_info    0x00011cb9     0x42ec CMakeFiles/deme7.elf.dir/Drivers/STM32F4xx_HAL_Driver/Src/stm32f4xx_hal_uart.c.obj
 .debug_info    0x00015fa5       0x22 CMakeFiles/deme7.elf.dir/startup/startup_stm32f407xx.s.obj

.debug_abbrev   0x00000000     0x2945
 .debug_abbrev  0x00000000      0x258 CMakeFiles/deme7.elf.dir/Core/Src/gpio.c.obj
 .debug_abbrev  0x00000258      0x2ee CMakeFiles/deme7.elf.dir/Core/Src/main.c.obj
 .debug_abbrev  0x00000546      0x24b CMakeFiles/deme7.elf.dir/Core/Src/stm32f4xx_hal_msp.c.obj
 .debug_abbrev  0x00000791      0x263 CMakeFiles/deme7.elf.dir/Core/Src/stm32f4xx_it.c.obj
 .debug_abbrev  0x000009f4      0x31e CMakeFiles/deme7.elf.dir/Core/Src/syscalls.c.obj
 .debug_abbrev  0x00000d12      0x148 CMakeFiles/deme7.elf.dir/Core/Src/system_stm32f4xx.c.obj
 .debug_abbrev  0x00000e5a      0x2b5 CMakeFiles/deme7.elf.dir/Core/Src/tim.c.obj
 .debug_abbrev  0x0000110f      0x2d4 CMakeFiles/deme7.elf.dir/Core/Src/usart.c.obj
 .debug_abbrev  0x000013e3      0x219 CMakeFiles/deme7.elf.dir/Drivers/STM32F4xx_HAL_Driver/Src/stm32f4xx_hal.c.obj
 .debug_abbrev  0x000015fc      0x390 CMakeFiles/deme7.elf.dir/Drivers/STM32F4xx_HAL_Driver/Src/stm32f4xx_hal_cortex.c.obj
 .debug_abbrev  0x0000198c      0x2d5 CMakeFiles/deme7.elf.dir/Drivers/STM32F4xx_HAL_Driver/Src/stm32f4xx_hal_dma.c.obj
 .debug_abbrev  0x00001c61      0x21c CMakeFiles/deme7.elf.dir/Drivers/STM32F4xx_HAL_Driver/Src/stm32f4xx_hal_gpio.c.obj
 .debug_abbrev  0x00001e7d      0x2ae CMakeFiles/deme7.elf.dir/Drivers/STM32F4xx_HAL_Driver/Src/stm32f4xx_hal_rcc.c.obj
 .debug_abbrev  0x0000212b      0x258 CMakeFiles/deme7.elf.dir/Drivers/STM32F4xx_HAL_Driver/Src/stm32f4xx_hal_tim.c.obj
 .debug_abbrev  0x00002383      0x26e CMakeFiles/deme7.elf.dir/Drivers/STM32F4xx_HAL_Driver/Src/stm32f4xx_hal_tim_ex.c.obj
 .debug_abbrev  0x000025f1      0x342 CMakeFiles/deme7.elf.dir/Drivers/STM32F4xx_HAL_Driver/Src/stm32f4xx_hal_uart.c.obj
 .debug_abbrev  0x00002933       0x12 CMakeFiles/deme7.elf.dir/startup/startup_stm32f407xx.s.obj

.debug_aranges  0x00000000      0xc88
 .debug_aranges
                0x00000000       0x20 CMakeFiles/deme7.elf.dir/Core/Src/gpio.c.obj
 .debug_aranges
                0x00000020       0x30 CMakeFiles/deme7.elf.dir/Core/Src/main.c.obj
 .debug_aranges
                0x00000050       0x20 CMakeFiles/deme7.elf.dir/Core/Src/stm32f4xx_hal_msp.c.obj
 .debug_aranges
                0x00000070       0x70 CMakeFiles/deme7.elf.dir/Core/Src/stm32f4xx_it.c.obj
 .debug_aranges
                0x000000e0       0xb0 CMakeFiles/deme7.elf.dir/Core/Src/syscalls.c.obj
 .debug_aranges
                0x00000190       0x28 CMakeFiles/deme7.elf.dir/Core/Src/system_stm32f4xx.c.obj
 .debug_aranges
                0x000001b8       0x30 CMakeFiles/deme7.elf.dir/Core/Src/tim.c.obj
 .debug_aranges
                0x000001e8       0x38 CMakeFiles/deme7.elf.dir/Core/Src/usart.c.obj
 .debug_aranges
                0x00000220       0xf0 CMakeFiles/deme7.elf.dir/Drivers/STM32F4xx_HAL_Driver/Src/stm32f4xx_hal.c.obj
 .debug_aranges
                0x00000310       0xa8 CMakeFiles/deme7.elf.dir/Drivers/STM32F4xx_HAL_Driver/Src/stm32f4xx_hal_cortex.c.obj
 .debug_aranges
                0x000003b8       0x90 CMakeFiles/deme7.elf.dir/Drivers/STM32F4xx_HAL_Driver/Src/stm32f4xx_hal_dma.c.obj
 .debug_aranges
                0x00000448       0x58 CMakeFiles/deme7.elf.dir/Drivers/STM32F4xx_HAL_Driver/Src/stm32f4xx_hal_gpio.c.obj
 .debug_aranges
                0x000004a0       0x88 CMakeFiles/deme7.elf.dir/Drivers/STM32F4xx_HAL_Driver/Src/stm32f4xx_hal_rcc.c.obj
 .debug_aranges
                0x00000528      0x3d0 CMakeFiles/deme7.elf.dir/Drivers/STM32F4xx_HAL_Driver/Src/stm32f4xx_hal_tim.c.obj
 .debug_aranges
                0x000008f8      0x168 CMakeFiles/deme7.elf.dir/Drivers/STM32F4xx_HAL_Driver/Src/stm32f4xx_hal_tim_ex.c.obj
 .debug_aranges
                0x00000a60      0x200 CMakeFiles/deme7.elf.dir/Drivers/STM32F4xx_HAL_Driver/Src/stm32f4xx_hal_uart.c.obj
 .debug_aranges
                0x00000c60       0x28 CMakeFiles/deme7.elf.dir/startup/startup_stm32f407xx.s.obj

.debug_ranges   0x00000000      0xc10
 .debug_ranges  0x00000000       0x10 CMakeFiles/deme7.elf.dir/Core/Src/gpio.c.obj
 .debug_ranges  0x00000010       0x20 CMakeFiles/deme7.elf.dir/Core/Src/main.c.obj
 .debug_ranges  0x00000030       0x10 CMakeFiles/deme7.elf.dir/Core/Src/stm32f4xx_hal_msp.c.obj
 .debug_ranges  0x00000040       0x60 CMakeFiles/deme7.elf.dir/Core/Src/stm32f4xx_it.c.obj
 .debug_ranges  0x000000a0       0xa0 CMakeFiles/deme7.elf.dir/Core/Src/syscalls.c.obj
 .debug_ranges  0x00000140       0x18 CMakeFiles/deme7.elf.dir/Core/Src/system_stm32f4xx.c.obj
 .debug_ranges  0x00000158       0x20 CMakeFiles/deme7.elf.dir/Core/Src/tim.c.obj
 .debug_ranges  0x00000178       0x28 CMakeFiles/deme7.elf.dir/Core/Src/usart.c.obj
 .debug_ranges  0x000001a0       0xe0 CMakeFiles/deme7.elf.dir/Drivers/STM32F4xx_HAL_Driver/Src/stm32f4xx_hal.c.obj
 .debug_ranges  0x00000280       0xf8 CMakeFiles/deme7.elf.dir/Drivers/STM32F4xx_HAL_Driver/Src/stm32f4xx_hal_cortex.c.obj
 .debug_ranges  0x00000378       0x80 CMakeFiles/deme7.elf.dir/Drivers/STM32F4xx_HAL_Driver/Src/stm32f4xx_hal_dma.c.obj
 .debug_ranges  0x000003f8       0x48 CMakeFiles/deme7.elf.dir/Drivers/STM32F4xx_HAL_Driver/Src/stm32f4xx_hal_gpio.c.obj
 .debug_ranges  0x00000440       0x90 CMakeFiles/deme7.elf.dir/Drivers/STM32F4xx_HAL_Driver/Src/stm32f4xx_hal_rcc.c.obj
 .debug_ranges  0x000004d0      0x3c0 CMakeFiles/deme7.elf.dir/Drivers/STM32F4xx_HAL_Driver/Src/stm32f4xx_hal_tim.c.obj
 .debug_ranges  0x00000890      0x158 CMakeFiles/deme7.elf.dir/Drivers/STM32F4xx_HAL_Driver/Src/stm32f4xx_hal_tim_ex.c.obj
 .debug_ranges  0x000009e8      0x208 CMakeFiles/deme7.elf.dir/Drivers/STM32F4xx_HAL_Driver/Src/stm32f4xx_hal_uart.c.obj
 .debug_ranges  0x00000bf0       0x20 CMakeFiles/deme7.elf.dir/startup/startup_stm32f407xx.s.obj

.debug_line     0x00000000    0x107c0
 .debug_line    0x00000000      0x37b CMakeFiles/deme7.elf.dir/Core/Src/gpio.c.obj
 .debug_line    0x0000037b      0x5b2 CMakeFiles/deme7.elf.dir/Core/Src/main.c.obj
 .debug_line    0x0000092d      0x35c CMakeFiles/deme7.elf.dir/Core/Src/stm32f4xx_hal_msp.c.obj
 .debug_line    0x00000c89      0x4b2 CMakeFiles/deme7.elf.dir/Core/Src/stm32f4xx_it.c.obj
 .debug_line    0x0000113b      0x597 CMakeFiles/deme7.elf.dir/Core/Src/syscalls.c.obj
 .debug_line    0x000016d2      0x35d CMakeFiles/deme7.elf.dir/Core/Src/system_stm32f4xx.c.obj
 .debug_line    0x00001a2f      0x4a6 CMakeFiles/deme7.elf.dir/Core/Src/tim.c.obj
 .debug_line    0x00001ed5      0x569 CMakeFiles/deme7.elf.dir/Core/Src/usart.c.obj
 .debug_line    0x0000243e      0x645 CMakeFiles/deme7.elf.dir/Drivers/STM32F4xx_HAL_Driver/Src/stm32f4xx_hal.c.obj
 .debug_line    0x00002a83      0x882 CMakeFiles/deme7.elf.dir/Drivers/STM32F4xx_HAL_Driver/Src/stm32f4xx_hal_cortex.c.obj
 .debug_line    0x00003305      0xf31 CMakeFiles/deme7.elf.dir/Drivers/STM32F4xx_HAL_Driver/Src/stm32f4xx_hal_dma.c.obj
 .debug_line    0x00004236      0x80f CMakeFiles/deme7.elf.dir/Drivers/STM32F4xx_HAL_Driver/Src/stm32f4xx_hal_gpio.c.obj
 .debug_line    0x00004a45      0xc16 CMakeFiles/deme7.elf.dir/Drivers/STM32F4xx_HAL_Driver/Src/stm32f4xx_hal_rcc.c.obj
 .debug_line    0x0000565b     0x4bdd CMakeFiles/deme7.elf.dir/Drivers/STM32F4xx_HAL_Driver/Src/stm32f4xx_hal_tim.c.obj
 .debug_line    0x0000a238     0x1dfe CMakeFiles/deme7.elf.dir/Drivers/STM32F4xx_HAL_Driver/Src/stm32f4xx_hal_tim_ex.c.obj
 .debug_line    0x0000c036     0x46de CMakeFiles/deme7.elf.dir/Drivers/STM32F4xx_HAL_Driver/Src/stm32f4xx_hal_uart.c.obj
 .debug_line    0x00010714       0xac CMakeFiles/deme7.elf.dir/startup/startup_stm32f407xx.s.obj

.debug_str      0x00000000     0x448a
 .debug_str     0x00000000      0x7f2 CMakeFiles/deme7.elf.dir/Core/Src/gpio.c.obj
                                0x892 (size before relaxing)
 .debug_str     0x000007f2      0x8b7 CMakeFiles/deme7.elf.dir/Core/Src/main.c.obj
                               0x1130 (size before relaxing)
 .debug_str     0x000010a9       0x74 CMakeFiles/deme7.elf.dir/Core/Src/stm32f4xx_hal_msp.c.obj
                                0x7fe (size before relaxing)
 .debug_str     0x0000111d      0x12b CMakeFiles/deme7.elf.dir/Core/Src/stm32f4xx_it.c.obj
                                0xec9 (size before relaxing)
 .debug_str     0x00001248      0x296 CMakeFiles/deme7.elf.dir/Core/Src/syscalls.c.obj
                                0x89b (size before relaxing)
 .debug_str     0x000014de       0x86 CMakeFiles/deme7.elf.dir/Core/Src/system_stm32f4xx.c.obj
                                0x428 (size before relaxing)
 .debug_str     0x00001564      0x624 CMakeFiles/deme7.elf.dir/Core/Src/tim.c.obj
                               0x1316 (size before relaxing)
 .debug_str     0x00001b88       0xa4 CMakeFiles/deme7.elf.dir/Core/Src/usart.c.obj
                               0x1257 (size before relaxing)
 .debug_str     0x00001c2c      0x2df CMakeFiles/deme7.elf.dir/Drivers/STM32F4xx_HAL_Driver/Src/stm32f4xx_hal.c.obj
                                0xc0e (size before relaxing)
 .debug_str     0x00001f0b      0x4ac CMakeFiles/deme7.elf.dir/Drivers/STM32F4xx_HAL_Driver/Src/stm32f4xx_hal_cortex.c.obj
                                0xd4d (size before relaxing)
 .debug_str     0x000023b7      0x339 CMakeFiles/deme7.elf.dir/Drivers/STM32F4xx_HAL_Driver/Src/stm32f4xx_hal_dma.c.obj
                                0x899 (size before relaxing)
 .debug_str     0x000026f0      0x153 CMakeFiles/deme7.elf.dir/Drivers/STM32F4xx_HAL_Driver/Src/stm32f4xx_hal_gpio.c.obj
                                0x613 (size before relaxing)
 .debug_str     0x00002843      0x1be CMakeFiles/deme7.elf.dir/Drivers/STM32F4xx_HAL_Driver/Src/stm32f4xx_hal_rcc.c.obj
                                0x7f1 (size before relaxing)
 .debug_str     0x00002a01      0xedf CMakeFiles/deme7.elf.dir/Drivers/STM32F4xx_HAL_Driver/Src/stm32f4xx_hal_tim.c.obj
                               0x17fe (size before relaxing)
 .debug_str     0x000038e0      0x54f CMakeFiles/deme7.elf.dir/Drivers/STM32F4xx_HAL_Driver/Src/stm32f4xx_hal_tim_ex.c.obj
                                0xfff (size before relaxing)
 .debug_str     0x00003e2f      0x601 CMakeFiles/deme7.elf.dir/Drivers/STM32F4xx_HAL_Driver/Src/stm32f4xx_hal_uart.c.obj
                                0xe7b (size before relaxing)
 .debug_str     0x00004430       0x5a CMakeFiles/deme7.elf.dir/startup/startup_stm32f407xx.s.obj
                                 0x9a (size before relaxing)

.comment        0x00000000       0x79
 .comment       0x00000000       0x79 CMakeFiles/deme7.elf.dir/Core/Src/gpio.c.obj
                                 0x7a (size before relaxing)
 .comment       0x00000079       0x7a CMakeFiles/deme7.elf.dir/Core/Src/main.c.obj
 .comment       0x00000079       0x7a CMakeFiles/deme7.elf.dir/Core/Src/stm32f4xx_hal_msp.c.obj
 .comment       0x00000079       0x7a CMakeFiles/deme7.elf.dir/Core/Src/stm32f4xx_it.c.obj
 .comment       0x00000079       0x7a CMakeFiles/deme7.elf.dir/Core/Src/syscalls.c.obj
 .comment       0x00000079       0x7a CMakeFiles/deme7.elf.dir/Core/Src/system_stm32f4xx.c.obj
 .comment       0x00000079       0x7a CMakeFiles/deme7.elf.dir/Core/Src/tim.c.obj
 .comment       0x00000079       0x7a CMakeFiles/deme7.elf.dir/Core/Src/usart.c.obj
 .comment       0x00000079       0x7a CMakeFiles/deme7.elf.dir/Drivers/STM32F4xx_HAL_Driver/Src/stm32f4xx_hal.c.obj
 .comment       0x00000079       0x7a CMakeFiles/deme7.elf.dir/Drivers/STM32F4xx_HAL_Driver/Src/stm32f4xx_hal_cortex.c.obj
 .comment       0x00000079       0x7a CMakeFiles/deme7.elf.dir/Drivers/STM32F4xx_HAL_Driver/Src/stm32f4xx_hal_dma.c.obj
 .comment       0x00000079       0x7a CMakeFiles/deme7.elf.dir/Drivers/STM32F4xx_HAL_Driver/Src/stm32f4xx_hal_gpio.c.obj
 .comment       0x00000079       0x7a CMakeFiles/deme7.elf.dir/Drivers/STM32F4xx_HAL_Driver/Src/stm32f4xx_hal_rcc.c.obj
 .comment       0x00000079       0x7a CMakeFiles/deme7.elf.dir/Drivers/STM32F4xx_HAL_Driver/Src/stm32f4xx_hal_tim.c.obj
 .comment       0x00000079       0x7a CMakeFiles/deme7.elf.dir/Drivers/STM32F4xx_HAL_Driver/Src/stm32f4xx_hal_tim_ex.c.obj
 .comment       0x00000079       0x7a CMakeFiles/deme7.elf.dir/Drivers/STM32F4xx_HAL_Driver/Src/stm32f4xx_hal_uart.c.obj

.debug_frame    0x00000000     0x3364
 .debug_frame   0x00000000       0x30 CMakeFiles/deme7.elf.dir/Core/Src/gpio.c.obj
 .debug_frame   0x00000030       0x58 CMakeFiles/deme7.elf.dir/Core/Src/main.c.obj
 .debug_frame   0x00000088       0x2c CMakeFiles/deme7.elf.dir/Core/Src/stm32f4xx_hal_msp.c.obj
 .debug_frame   0x000000b4       0xd8 CMakeFiles/deme7.elf.dir/Core/Src/stm32f4xx_it.c.obj
 .debug_frame   0x0000018c      0x1a8 CMakeFiles/deme7.elf.dir/Core/Src/syscalls.c.obj
 .debug_frame   0x00000334       0x30 CMakeFiles/deme7.elf.dir/Core/Src/system_stm32f4xx.c.obj
 .debug_frame   0x00000364       0x64 CMakeFiles/deme7.elf.dir/Core/Src/tim.c.obj
 .debug_frame   0x000003c8       0x7c CMakeFiles/deme7.elf.dir/Core/Src/usart.c.obj
 .debug_frame   0x00000444      0x1ec CMakeFiles/deme7.elf.dir/Drivers/STM32F4xx_HAL_Driver/Src/stm32f4xx_hal.c.obj
 .debug_frame   0x00000630      0x15c CMakeFiles/deme7.elf.dir/Drivers/STM32F4xx_HAL_Driver/Src/stm32f4xx_hal_cortex.c.obj
 .debug_frame   0x0000078c      0x188 CMakeFiles/deme7.elf.dir/Drivers/STM32F4xx_HAL_Driver/Src/stm32f4xx_hal_dma.c.obj
 .debug_frame   0x00000914       0xd8 CMakeFiles/deme7.elf.dir/Drivers/STM32F4xx_HAL_Driver/Src/stm32f4xx_hal_gpio.c.obj
 .debug_frame   0x000009ec      0x174 CMakeFiles/deme7.elf.dir/Drivers/STM32F4xx_HAL_Driver/Src/stm32f4xx_hal_rcc.c.obj
 .debug_frame   0x00000b60      0xb18 CMakeFiles/deme7.elf.dir/Drivers/STM32F4xx_HAL_Driver/Src/stm32f4xx_hal_tim.c.obj
 .debug_frame   0x00001678      0x420 CMakeFiles/deme7.elf.dir/Drivers/STM32F4xx_HAL_Driver/Src/stm32f4xx_hal_tim_ex.c.obj
 .debug_frame   0x00001a98      0x5cc CMakeFiles/deme7.elf.dir/Drivers/STM32F4xx_HAL_Driver/Src/stm32f4xx_hal_uart.c.obj
 .debug_frame   0x00002064       0x2c d:/study_stm32/environment/gcc-arm-none-eabi-9-2019-q4-major-win32 (1)/bin/../lib/gcc/arm-none-eabi/9.2.1/thumb/v7e-m/nofp\libgcc.a(_aeabi_uldivmod.o)
 .debug_frame   0x00002090       0x34 d:/study_stm32/environment/gcc-arm-none-eabi-9-2019-q4-major-win32 (1)/bin/../lib/gcc/arm-none-eabi/9.2.1/thumb/v7e-m/nofp\libgcc.a(_udivmoddi4.o)
 .debug_frame   0x000020c4       0x20 d:/study_stm32/environment/gcc-arm-none-eabi-9-2019-q4-major-win32 (1)/bin/../lib/gcc/arm-none-eabi/9.2.1/../../../../arm-none-eabi/lib/thumb/v7e-m/nofp\libc.a(lib_a-errno.o)
 .debug_frame   0x000020e4       0x2c d:/study_stm32/environment/gcc-arm-none-eabi-9-2019-q4-major-win32 (1)/bin/../lib/gcc/arm-none-eabi/9.2.1/../../../../arm-none-eabi/lib/thumb/v7e-m/nofp\libc.a(lib_a-init.o)
 .debug_frame   0x00002110       0x38 d:/study_stm32/environment/gcc-arm-none-eabi-9-2019-q4-major-win32 (1)/bin/../lib/gcc/arm-none-eabi/9.2.1/../../../../arm-none-eabi/lib/thumb/v7e-m/nofp\libc.a(lib_a-memset.o)
 .debug_frame   0x00002148       0x74 d:/study_stm32/environment/gcc-arm-none-eabi-9-2019-q4-major-win32 (1)/bin/../lib/gcc/arm-none-eabi/9.2.1/../../../../arm-none-eabi/lib/thumb/v7e-m/nofp\libc.a(lib_a-printf.o)
 .debug_frame   0x000021bc       0x8c d:/study_stm32/environment/gcc-arm-none-eabi-9-2019-q4-major-win32 (1)/bin/../lib/gcc/arm-none-eabi/9.2.1/../../../../arm-none-eabi/lib/thumb/v7e-m/nofp\libc.a(lib_a-vfprintf.o)